2026-03-20 15:29:32,035 [INFO] ======================================================================
2026-03-20 15:29:32,037 [INFO] STARTING A100 EXPERIMENT
2026-03-20 15:29:32,038 [INFO] ======================================================================
2026-03-20 15:29:40,891 [DEBUG] matplotlib data path: /home/n3ke27/prisoners_dilema/TheoryGamesDL/.venv/lib/python3.12/site-packages/matplotlib/mpl-data
2026-03-20 15:29:41,318 [DEBUG] CONFIGDIR=/home/n3ke27/.config/matplotlib
2026-03-20 15:29:41,320 [DEBUG] interactive is False
2026-03-20 15:29:41,321 [DEBUG] platform is linux
2026-03-20 15:29:41,421 [DEBUG] CACHEDIR=/home/n3ke27/.cache/matplotlib
2026-03-20 15:29:41,449 [DEBUG] Using fontManager instance from /home/n3ke27/.cache/matplotlib/fontlist-v390.json
2026-03-20 15:29:48,473 [INFO] Device: cuda
2026-03-20 15:29:50,876 [INFO] GPU: NVIDIA A100-PCIE-40GB
2026-03-20 15:29:50,889 [INFO] Memory: 42.4 GB
2026-03-20 15:29:50,890 [INFO] CUDA version: 12.8
2026-03-20 15:29:50,890 [INFO] PyTorch version: 2.10.0+cu128
2026-03-20 15:29:50,891 [INFO] TF32 enabled: True
2026-03-20 15:29:50,892 [INFO] GPU memory allocated: 0.00 GB
2026-03-20 15:29:50,894 [INFO] GPU memory reserved: 0.00 GB
2026-03-20 15:29:50,913 [INFO] Set gpu_config.device to cuda
2026-03-20 15:29:50,920 [INFO] Parameters: N_REPLICATIONS=100, BATCH_SIZE=64
2026-03-20 15:29:50,920 [INFO] Iterations: 100000, Warmup: 80000
2026-03-20 15:29:50,921 [INFO] B_VALUES: [1.2, 1.5, 2.0, 3.0, 5.0, 7.0, 10.0, 15.0, 20.0]
2026-03-20 15:29:50,921 [INFO] 
======================================================================
2026-03-20 15:29:50,922 [INFO] GRAPH: star_graph
2026-03-20 15:29:50,922 [INFO] ======================================================================
2026-03-20 15:29:50,923 [INFO] Graph created: 5 nodes
2026-03-20 15:29:54,609 [INFO] Degrees: [4. 1. 1. 1. 1.]
2026-03-20 15:29:54,611 [INFO] 
Reward: pp, Mode: state
2026-03-20 15:29:54,650 [INFO] Theoretical Delta Q: [-4. -1. -1. -1. -1.]
2026-03-20 15:29:54,651 [INFO]   b=1.2
2026-03-20 15:29:54,652 [INFO]     Batch 1/2: 64 reps
2026-03-20 15:29:54,653 [DEBUG] Starting batch: 64 reps, b=1.2, pp, state
2026-03-20 15:29:54,710 [DEBUG] Learner created, q_table shape: torch.Size([64, 5, 5, 2])
2026-03-20 15:29:54,713 [DEBUG] Buffers allocated: delta_q 0.64 GB
2026-03-20 15:29:54,714 [DEBUG] Iter 0/100000, GPU mem: 0.67 GB
2026-03-20 15:30:19,506 [DEBUG] Iter 20000/100000, GPU mem: 0.68 GB
2026-03-20 15:30:42,326 [DEBUG] Iter 40000/100000, GPU mem: 0.68 GB
2026-03-20 15:31:05,291 [DEBUG] Iter 60000/100000, GPU mem: 0.68 GB
2026-03-20 15:31:30,623 [DEBUG] Iter 80000/100000, GPU mem: 0.68 GB
2026-03-20 15:31:54,269 [INFO] Batch complete. Coop rates: [[0.026 0.023 0.025 0.024 0.025]
 [0.025 0.025 0.026 0.024 0.023]
 [0.023 0.026 0.025 0.022 0.024]
 [0.024 0.025 0.024 0.025 0.025]
 [0.025 0.023 0.024 0.024 0.025]
 [0.027 0.025 0.022 0.024 0.025]
 [0.026 0.028 0.024 0.024 0.024]
 [0.026 0.026 0.027 0.026 0.025]
 [0.023 0.025 0.027 0.025 0.025]
 [0.024 0.024 0.024 0.024 0.025]
 [0.025 0.025 0.024 0.024 0.026]
 [0.026 0.025 0.024 0.027 0.024]
 [0.024 0.025 0.025 0.026 0.024]
 [0.026 0.023 0.025 0.026 0.026]
 [0.027 0.026 0.023 0.027 0.026]
 [0.026 0.025 0.023 0.024 0.024]
 [0.023 0.025 0.026 0.025 0.024]
 [0.022 0.023 0.024 0.024 0.023]
 [0.024 0.025 0.026 0.025 0.026]
 [0.023 0.025 0.026 0.025 0.024]
 [0.026 0.026 0.025 0.024 0.026]
 [0.026 0.025 0.024 0.025 0.024]
 [0.025 0.025 0.025 0.026 0.025]
 [0.027 0.022 0.025 0.024 0.027]
 [0.024 0.025 0.026 0.024 0.026]
 [0.027 0.023 0.022 0.024 0.024]
 [0.027 0.025 0.024 0.026 0.024]
 [0.025 0.026 0.027 0.025 0.025]
 [0.023 0.023 0.025 0.026 0.024]
 [0.025 0.025 0.025 0.025 0.023]
 [0.026 0.023 0.025 0.026 0.026]
 [0.025 0.024 0.025 0.023 0.024]
 [0.027 0.024 0.025 0.027 0.024]
 [0.024 0.025 0.024 0.023 0.024]
 [0.026 0.025 0.026 0.024 0.024]
 [0.024 0.026 0.025 0.026 0.025]
 [0.025 0.024 0.024 0.026 0.024]
 [0.027 0.026 0.026 0.026 0.026]
 [0.026 0.026 0.025 0.025 0.026]
 [0.025 0.026 0.024 0.025 0.025]
 [0.026 0.024 0.025 0.026 0.026]
 [0.025 0.024 0.025 0.026 0.024]
 [0.025 0.024 0.024 0.025 0.025]
 [0.025 0.024 0.025 0.025 0.025]
 [0.025 0.025 0.024 0.025 0.025]
 [0.027 0.024 0.025 0.026 0.023]
 [0.026 0.024 0.026 0.025 0.024]
 [0.026 0.025 0.025 0.026 0.026]
 [0.026 0.025 0.023 0.025 0.024]
 [0.025 0.025 0.026 0.024 0.026]
 [0.023 0.025 0.024 0.026 0.026]
 [0.024 0.026 0.027 0.026 0.026]
 [0.025 0.026 0.024 0.026 0.026]
 [0.026 0.025 0.026 0.023 0.026]
 [0.025 0.024 0.026 0.026 0.024]
 [0.024 0.025 0.026 0.025 0.025]
 [0.027 0.025 0.025 0.025 0.025]
 [0.027 0.028 0.025 0.024 0.024]
 [0.026 0.025 0.025 0.024 0.026]
 [0.026 0.025 0.024 0.023 0.025]
 [0.026 0.026 0.025 0.025 0.026]
 [0.026 0.026 0.023 0.027 0.025]
 [0.025 0.023 0.023 0.025 0.027]
 [0.022 0.024 0.023 0.026 0.026]]
2026-03-20 15:31:55,067 [INFO]     Batch 2/2: 36 reps
2026-03-20 15:31:55,068 [DEBUG] Starting batch: 36 reps, b=1.2, pp, state
2026-03-20 15:31:55,070 [DEBUG] Learner created, q_table shape: torch.Size([36, 5, 5, 2])
2026-03-20 15:31:55,106 [DEBUG] Buffers allocated: delta_q 0.36 GB
2026-03-20 15:31:55,109 [DEBUG] Iter 0/100000, GPU mem: 0.39 GB
2026-03-20 15:32:17,978 [DEBUG] Iter 20000/100000, GPU mem: 0.39 GB
2026-03-20 15:32:38,086 [DEBUG] Iter 40000/100000, GPU mem: 0.39 GB
2026-03-20 15:32:57,410 [DEBUG] Iter 60000/100000, GPU mem: 0.39 GB
2026-03-20 15:33:14,793 [DEBUG] Iter 80000/100000, GPU mem: 0.39 GB
2026-03-20 15:33:31,148 [INFO] Batch complete. Coop rates: [[0.025 0.027 0.025 0.024 0.025]
 [0.026 0.026 0.025 0.026 0.025]
 [0.024 0.025 0.024 0.026 0.024]
 [0.025 0.025 0.024 0.024 0.024]
 [0.024 0.025 0.025 0.025 0.023]
 [0.025 0.026 0.025 0.027 0.026]
 [0.025 0.025 0.025 0.026 0.028]
 [0.026 0.024 0.026 0.025 0.023]
 [0.024 0.026 0.025 0.026 0.026]
 [0.025 0.025 0.027 0.026 0.024]
 [0.025 0.025 0.023 0.026 0.025]
 [0.027 0.026 0.023 0.024 0.026]
 [0.025 0.023 0.027 0.025 0.025]
 [0.024 0.025 0.026 0.025 0.025]
 [0.025 0.024 0.026 0.026 0.026]
 [0.024 0.024 0.023 0.025 0.027]
 [0.024 0.026 0.025 0.025 0.021]
 [0.023 0.026 0.026 0.024 0.024]
 [0.025 0.025 0.024 0.025 0.026]
 [0.023 0.025 0.025 0.027 0.024]
 [0.025 0.024 0.024 0.025 0.027]
 [0.026 0.026 0.025 0.025 0.024]
 [0.025 0.026 0.024 0.026 0.026]
 [0.024 0.025 0.024 0.023 0.025]
 [0.026 0.026 0.026 0.025 0.026]
 [0.025 0.025 0.025 0.025 0.026]
 [0.024 0.024 0.025 0.026 0.025]
 [0.025 0.026 0.027 0.025 0.027]
 [0.024 0.023 0.025 0.026 0.025]
 [0.025 0.025 0.024 0.025 0.025]
 [0.026 0.024 0.025 0.025 0.025]
 [0.025 0.025 0.025 0.025 0.024]
 [0.025 0.026 0.026 0.025 0.025]
 [0.026 0.025 0.024 0.027 0.025]
 [0.024 0.026 0.024 0.025 0.025]
 [0.025 0.027 0.025 0.024 0.023]]
