This is pdfTeX, Version 3.141592653-2.6-1.40.27 (TeX Live 2025) (preloaded format=pdflatex 2025.11.26)  16 APR 2026 17:28
entering extended mode
 restricted \write18 enabled.
 %&-line parsing enabled.
**main.tex
(./main.tex
LaTeX2e <2024-11-01> patch level 2
L3 programming layer <2025-01-18>
(/usr/local/texlive/2025/texmf-dist/tex/latex/extsizes/extarticle.cls
Document Class: extarticle 1996/10/08 v1.0 Non Standard LaTeX document class
(/usr/local/texlive/2025/texmf-dist/tex/latex/base/size12.clo
File: size12.clo 2024/06/29 v1.4n Standard LaTeX file (size option)
)
(/usr/local/texlive/2025/texmf-dist/tex/latex/base/exscale.sty
Package: exscale 2018/09/24 v2.1i Standard LaTeX package exscale
LaTeX Font Info:    Redeclaring symbol font `largesymbols' on input line 57.
LaTeX Font Info:    Overwriting symbol font `largesymbols' in version `normal'
(Font)                  OMX/cmex/m/n --> OMX/cmex/m/n on input line 57.
LaTeX Font Info:    Overwriting symbol font `largesymbols' in version `bold'
(Font)                  OMX/cmex/m/n --> OMX/cmex/m/n on input line 57.
\big@size=\dimen141
)
\c@part=\count196
\c@section=\count197
\c@subsection=\count198
\c@subsubsection=\count199
\c@paragraph=\count266
\c@subparagraph=\count267
\c@figure=\count268
\c@table=\count269
\abovecaptionskip=\skip49
\belowcaptionskip=\skip50
\bibindent=\dimen142
) (./style.tex
(/usr/local/texlive/2025/texmf-dist/tex/latex/geometry/geometry.sty
Package: geometry 2020/01/02 v5.9 Page Geometry

(/usr/local/texlive/2025/texmf-dist/tex/latex/graphics/keyval.sty
Package: keyval 2022/05/29 v1.15 key=value parser (DPC)
\KV@toks@=\toks17
)
(/usr/local/texlive/2025/texmf-dist/tex/generic/iftex/ifvtex.sty
Package: ifvtex 2019/10/25 v1.7 ifvtex legacy package. Use iftex instead.

(/usr/local/texlive/2025/texmf-dist/tex/generic/iftex/iftex.sty
Package: iftex 2024/12/12 v1.0g TeX engine tests
))
\Gm@cnth=\count270
\Gm@cntv=\count271
\c@Gm@tempcnt=\count272
\Gm@bindingoffset=\dimen143
\Gm@wd@mp=\dimen144
\Gm@odd@mp=\dimen145
\Gm@even@mp=\dimen146
\Gm@layoutwidth=\dimen147
\Gm@layoutheight=\dimen148
\Gm@layouthoffset=\dimen149
\Gm@layoutvoffset=\dimen150
\Gm@dimlist=\toks18
)
(/usr/local/texlive/2025/texmf-dist/tex/latex/base/fontenc.sty
Package: fontenc 2021/04/29 v2.0v Standard LaTeX package

(/usr/local/texlive/2025/texmf-dist/tex/latex/cyrillic/t2aenc.def
File: t2aenc.def 2023/11/07 v1.0k Cyrillic encoding definition file
Now handling font encoding T2A ...
... processing UTF-8 mapping file for font encoding T2A

(/usr/local/texlive/2025/texmf-dist/tex/latex/base/t2aenc.dfu
File: t2aenc.dfu 2022/06/07 v1.3c UTF-8 support
   defining Unicode char U+00A4 (decimal 164)
   defining Unicode char U+00A7 (decimal 167)
   defining Unicode char U+00AB (decimal 171)
   defining Unicode char U+00BB (decimal 187)
   defining Unicode char U+0131 (decimal 305)
   defining Unicode char U+0237 (decimal 567)
   defining Unicode char U+0400 (decimal 1024)
   defining Unicode char U+0401 (decimal 1025)
   defining Unicode char U+0402 (decimal 1026)
   defining Unicode char U+0403 (decimal 1027)
   defining Unicode char U+0404 (decimal 1028)
   defining Unicode char U+0405 (decimal 1029)
   defining Unicode char U+0406 (decimal 1030)
   defining Unicode char U+0407 (decimal 1031)
   defining Unicode char U+0408 (decimal 1032)
   defining Unicode char U+0409 (decimal 1033)
   defining Unicode char U+040A (decimal 1034)
   defining Unicode char U+040B (decimal 1035)
   defining Unicode char U+040C (decimal 1036)
   defining Unicode char U+040D (decimal 1037)
   defining Unicode char U+040E (decimal 1038)
   defining Unicode char U+040F (decimal 1039)
   defining Unicode char U+0410 (decimal 1040)
   defining Unicode char U+0411 (decimal 1041)
   defining Unicode char U+0412 (decimal 1042)
   defining Unicode char U+0413 (decimal 1043)
   defining Unicode char U+0414 (decimal 1044)
   defining Unicode char U+0415 (decimal 1045)
   defining Unicode char U+0416 (decimal 1046)
   defining Unicode char U+0417 (decimal 1047)
   defining Unicode char U+0418 (decimal 1048)
   defining Unicode char U+0419 (decimal 1049)
   defining Unicode char U+041A (decimal 1050)
   defining Unicode char U+041B (decimal 1051)
   defining Unicode char U+041C (decimal 1052)
   defining Unicode char U+041D (decimal 1053)
   defining Unicode char U+041E (decimal 1054)
   defining Unicode char U+041F (decimal 1055)
   defining Unicode char U+0420 (decimal 1056)
   defining Unicode char U+0421 (decimal 1057)
   defining Unicode char U+0422 (decimal 1058)
   defining Unicode char U+0423 (decimal 1059)
   defining Unicode char U+0424 (decimal 1060)
   defining Unicode char U+0425 (decimal 1061)
   defining Unicode char U+0426 (decimal 1062)
   defining Unicode char U+0427 (decimal 1063)
   defining Unicode char U+0428 (decimal 1064)
   defining Unicode char U+0429 (decimal 1065)
   defining Unicode char U+042A (decimal 1066)
   defining Unicode char U+042B (decimal 1067)
   defining Unicode char U+042C (decimal 1068)
   defining Unicode char U+042D (decimal 1069)
   defining Unicode char U+042E (decimal 1070)
   defining Unicode char U+042F (decimal 1071)
   defining Unicode char U+0430 (decimal 1072)
   defining Unicode char U+0431 (decimal 1073)
   defining Unicode char U+0432 (decimal 1074)
   defining Unicode char U+0433 (decimal 1075)
   defining Unicode char U+0434 (decimal 1076)
   defining Unicode char U+0435 (decimal 1077)
   defining Unicode char U+0436 (decimal 1078)
   defining Unicode char U+0437 (decimal 1079)
   defining Unicode char U+0438 (decimal 1080)
   defining Unicode char U+0439 (decimal 1081)
   defining Unicode char U+043A (decimal 1082)
   defining Unicode char U+043B (decimal 1083)
   defining Unicode char U+043C (decimal 1084)
   defining Unicode char U+043D (decimal 1085)
   defining Unicode char U+043E (decimal 1086)
   defining Unicode char U+043F (decimal 1087)
   defining Unicode char U+0440 (decimal 1088)
   defining Unicode char U+0441 (decimal 1089)
   defining Unicode char U+0442 (decimal 1090)
   defining Unicode char U+0443 (decimal 1091)
   defining Unicode char U+0444 (decimal 1092)
   defining Unicode char U+0445 (decimal 1093)
   defining Unicode char U+0446 (decimal 1094)
   defining Unicode char U+0447 (decimal 1095)
   defining Unicode char U+0448 (decimal 1096)
   defining Unicode char U+0449 (decimal 1097)
   defining Unicode char U+044A (decimal 1098)
   defining Unicode char U+044B (decimal 1099)
   defining Unicode char U+044C (decimal 1100)
   defining Unicode char U+044D (decimal 1101)
   defining Unicode char U+044E (decimal 1102)
   defining Unicode char U+044F (decimal 1103)
   defining Unicode char U+0450 (decimal 1104)
   defining Unicode char U+0451 (decimal 1105)
   defining Unicode char U+0452 (decimal 1106)
   defining Unicode char U+0453 (decimal 1107)
   defining Unicode char U+0454 (decimal 1108)
   defining Unicode char U+0455 (decimal 1109)
   defining Unicode char U+0456 (decimal 1110)
   defining Unicode char U+0457 (decimal 1111)
   defining Unicode char U+0458 (decimal 1112)
   defining Unicode char U+0459 (decimal 1113)
   defining Unicode char U+045A (decimal 1114)
   defining Unicode char U+045B (decimal 1115)
   defining Unicode char U+045C (decimal 1116)
   defining Unicode char U+045D (decimal 1117)
   defining Unicode char U+045E (decimal 1118)
   defining Unicode char U+045F (decimal 1119)
   defining Unicode char U+0490 (decimal 1168)
   defining Unicode char U+0491 (decimal 1169)
   defining Unicode char U+0492 (decimal 1170)
   defining Unicode char U+0493 (decimal 1171)
   defining Unicode char U+0496 (decimal 1174)
   defining Unicode char U+0497 (decimal 1175)
   defining Unicode char U+0498 (decimal 1176)
   defining Unicode char U+0499 (decimal 1177)
   defining Unicode char U+049A (decimal 1178)
   defining Unicode char U+049B (decimal 1179)
   defining Unicode char U+049C (decimal 1180)
   defining Unicode char U+049D (decimal 1181)
   defining Unicode char U+04A0 (decimal 1184)
   defining Unicode char U+04A1 (decimal 1185)
   defining Unicode char U+04A2 (decimal 1186)
   defining Unicode char U+04A3 (decimal 1187)
   defining Unicode char U+04A4 (decimal 1188)
   defining Unicode char U+04A5 (decimal 1189)
   defining Unicode char U+04AA (decimal 1194)
   defining Unicode char U+04AB (decimal 1195)
   defining Unicode char U+04AE (decimal 1198)
   defining Unicode char U+04AF (decimal 1199)
   defining Unicode char U+04B0 (decimal 1200)
   defining Unicode char U+04B1 (decimal 1201)
   defining Unicode char U+04B2 (decimal 1202)
   defining Unicode char U+04B3 (decimal 1203)
   defining Unicode char U+04B6 (decimal 1206)
   defining Unicode char U+04B7 (decimal 1207)
   defining Unicode char U+04B8 (decimal 1208)
   defining Unicode char U+04B9 (decimal 1209)
   defining Unicode char U+04BA (decimal 1210)
   defining Unicode char U+04BB (decimal 1211)
   defining Unicode char U+04C0 (decimal 1216)
   defining Unicode char U+04C1 (decimal 1217)
   defining Unicode char U+04C2 (decimal 1218)
   defining Unicode char U+04D0 (decimal 1232)
   defining Unicode char U+04D1 (decimal 1233)
   defining Unicode char U+04D2 (decimal 1234)
   defining Unicode char U+04D3 (decimal 1235)
   defining Unicode char U+04D4 (decimal 1236)
   defining Unicode char U+04D5 (decimal 1237)
   defining Unicode char U+04D6 (decimal 1238)
   defining Unicode char U+04D7 (decimal 1239)
   defining Unicode char U+04D8 (decimal 1240)
   defining Unicode char U+04D9 (decimal 1241)
   defining Unicode char U+04DA (decimal 1242)
   defining Unicode char U+04DB (decimal 1243)
   defining Unicode char U+04DC (decimal 1244)
   defining Unicode char U+04DD (decimal 1245)
   defining Unicode char U+04DE (decimal 1246)
   defining Unicode char U+04DF (decimal 1247)
   defining Unicode char U+04E2 (decimal 1250)
   defining Unicode char U+04E3 (decimal 1251)
   defining Unicode char U+04E4 (decimal 1252)
   defining Unicode char U+04E5 (decimal 1253)
   defining Unicode char U+04E6 (decimal 1254)
   defining Unicode char U+04E7 (decimal 1255)
   defining Unicode char U+04E8 (decimal 1256)
   defining Unicode char U+04E9 (decimal 1257)
   defining Unicode char U+04EC (decimal 1260)
   defining Unicode char U+04ED (decimal 1261)
   defining Unicode char U+04EE (decimal 1262)
   defining Unicode char U+04EF (decimal 1263)
   defining Unicode char U+04F0 (decimal 1264)
   defining Unicode char U+04F1 (decimal 1265)
   defining Unicode char U+04F2 (decimal 1266)
   defining Unicode char U+04F3 (decimal 1267)
   defining Unicode char U+04F4 (decimal 1268)
   defining Unicode char U+04F5 (decimal 1269)
   defining Unicode char U+04F8 (decimal 1272)
   defining Unicode char U+04F9 (decimal 1273)
   defining Unicode char U+200C (decimal 8204)
   defining Unicode char U+2013 (decimal 8211)
   defining Unicode char U+2014 (decimal 8212)
   defining Unicode char U+2018 (decimal 8216)
   defining Unicode char U+2019 (decimal 8217)
   defining Unicode char U+201C (decimal 8220)
   defining Unicode char U+201D (decimal 8221)
   defining Unicode char U+201E (decimal 8222)
   defining Unicode char U+2030 (decimal 8240)
   defining Unicode char U+2031 (decimal 8241)
   defining Unicode char U+2116 (decimal 8470)
   defining Unicode char U+2329 (decimal 9001)
   defining Unicode char U+3008 (decimal 12296)
   defining Unicode char U+232A (decimal 9002)
   defining Unicode char U+3009 (decimal 12297)
   defining Unicode char U+2423 (decimal 9251)
   defining Unicode char U+27E8 (decimal 10216)
   defining Unicode char U+27E9 (decimal 10217)
   defining Unicode char U+FB00 (decimal 64256)
   defining Unicode char U+FB01 (decimal 64257)
   defining Unicode char U+FB02 (decimal 64258)
   defining Unicode char U+FB03 (decimal 64259)
   defining Unicode char U+FB04 (decimal 64260)
   defining Unicode char U+FB05 (decimal 64261)
   defining Unicode char U+FB06 (decimal 64262)
))
LaTeX Font Info:    Trying to load font information for T2A+cmr on input line 1
16.

(/usr/local/texlive/2025/texmf-dist/tex/latex/cyrillic/t2acmr.fd
File: t2acmr.fd 2001/08/11 v1.0a Computer Modern Cyrillic font definitions
))
(/usr/local/texlive/2025/texmf-dist/tex/latex/base/inputenc.sty
Package: inputenc 2024/02/08 v1.3d Input encoding file
\inpenc@prehook=\toks19
\inpenc@posthook=\toks20
)
(/usr/local/texlive/2025/texmf-dist/tex/generic/babel/babel.sty
Package: babel 2025/02/14 v25.4 The multilingual framework for pdfLaTeX, LuaLaT
eX and XeLaTeX
\babel@savecnt=\count273
\U@D=\dimen151
\l@unhyphenated=\language90

(/usr/local/texlive/2025/texmf-dist/tex/generic/babel/txtbabel.def)
\bbl@readstream=\read2
\bbl@dirlevel=\count274

(/usr/local/texlive/2025/texmf-dist/tex/generic/babel-english/english.ldf
Language: english 2017/06/06 v3.3r English support from the babel system
Package babel Info: Hyphen rules for 'canadian' set to \l@english
(babel)             (\language0). Reported on input line 102.
Package babel Info: Hyphen rules for 'australian' set to \l@ukenglish
(babel)             (\language22). Reported on input line 105.
Package babel Info: Hyphen rules for 'newzealand' set to \l@ukenglish
(babel)             (\language22). Reported on input line 108.
)
(/usr/local/texlive/2025/texmf-dist/tex/generic/babel-russian/russianb.ldf
File: russianb.ldf 2021/01/10 1.3m Russian support for the Babel system
Language: russian 2020/09/09 1.3k Russian support for the Babel system
Package babel Info: Making " an active character on input line 124.
Package babel Info: Default for \cyrdash is provided on input line 163.
))
(/usr/local/texlive/2025/texmf-dist/tex/generic/babel/locale/ru/babel-russian.t
ex
Package babel Info: Importing font and identification data for russian
(babel)             from babel-ru.ini. Reported on input line 11.
)
(/usr/local/texlive/2025/texmf-dist/tex/generic/babel/locale/en/babel-english.t
ex
Package babel Info: Importing font and identification data for english
(babel)             from babel-en.ini. Reported on input line 11.
) (/usr/local/texlive/2025/texmf-dist/tex/latex/amsmath/amsmath.sty
Package: amsmath 2024/11/05 v2.17t AMS math features
\@mathmargin=\skip51

For additional information on amsmath, use the `?' option.
(/usr/local/texlive/2025/texmf-dist/tex/latex/amsmath/amstext.sty
Package: amstext 2021/08/26 v2.01 AMS text

(/usr/local/texlive/2025/texmf-dist/tex/latex/amsmath/amsgen.sty
File: amsgen.sty 1999/11/30 v2.0 generic functions
\@emptytoks=\toks21
\ex@=\dimen152
))
(/usr/local/texlive/2025/texmf-dist/tex/latex/amsmath/amsbsy.sty
Package: amsbsy 1999/11/29 v1.2d Bold Symbols
\pmbraise@=\dimen153
)
(/usr/local/texlive/2025/texmf-dist/tex/latex/amsmath/amsopn.sty
Package: amsopn 2022/04/08 v2.04 operator names
)
\inf@bad=\count275
LaTeX Info: Redefining \frac on input line 233.
\uproot@=\count276
\leftroot@=\count277
LaTeX Info: Redefining \overline on input line 398.
LaTeX Info: Redefining \colon on input line 409.
\classnum@=\count278
\DOTSCASE@=\count279
LaTeX Info: Redefining \ldots on input line 495.
LaTeX Info: Redefining \dots on input line 498.
LaTeX Info: Redefining \cdots on input line 619.
\Mathstrutbox@=\box52
\strutbox@=\box53
LaTeX Info: Redefining \big on input line 721.
LaTeX Info: Redefining \Big on input line 722.
LaTeX Info: Redefining \bigg on input line 723.
LaTeX Info: Redefining \Bigg on input line 724.
\big@size=\dimen154
LaTeX Font Info:    Redeclaring font encoding OML on input line 742.
LaTeX Font Info:    Redeclaring font encoding OMS on input line 743.
\macc@depth=\count280
LaTeX Info: Redefining \bmod on input line 904.
LaTeX Info: Redefining \pmod on input line 909.
LaTeX Info: Redefining \smash on input line 939.
LaTeX Info: Redefining \relbar on input line 969.
LaTeX Info: Redefining \Relbar on input line 970.
\c@MaxMatrixCols=\count281
\dotsspace@=\muskip17
\c@parentequation=\count282
\dspbrk@lvl=\count283
\tag@help=\toks22
\row@=\count284
\column@=\count285
\maxfields@=\count286
\andhelp@=\toks23
\eqnshift@=\dimen155
\alignsep@=\dimen156
\tagshift@=\dimen157
\tagwidth@=\dimen158
\totwidth@=\dimen159
\lineht@=\dimen160
\@envbody=\toks24
\multlinegap=\skip52
\multlinetaggap=\skip53
\mathdisplay@stack=\toks25
LaTeX Info: Redefining \[ on input line 2953.
LaTeX Info: Redefining \] on input line 2954.
)
(/usr/local/texlive/2025/texmf-dist/tex/latex/amsfonts/amssymb.sty
Package: amssymb 2013/01/14 v3.01 AMS font symbols

(/usr/local/texlive/2025/texmf-dist/tex/latex/amsfonts/amsfonts.sty
Package: amsfonts 2013/01/14 v3.01 Basic AMSFonts support
\symAMSa=\mathgroup4
\symAMSb=\mathgroup5
LaTeX Font Info:    Redeclaring math symbol \hbar on input line 98.
LaTeX Font Info:    Overwriting math alphabet `\mathfrak' in version `bold'
(Font)                  U/euf/m/n --> U/euf/b/n on input line 106.
))
(/usr/local/texlive/2025/texmf-dist/tex/latex/amscls/amsthm.sty
Package: amsthm 2020/05/29 v2.20.6
\thm@style=\toks26
\thm@bodyfont=\toks27
\thm@headfont=\toks28
\thm@notefont=\toks29
\thm@headpunct=\toks30
\thm@preskip=\skip54
\thm@postskip=\skip55
\thm@headsep=\skip56
\dth@everypar=\toks31
)
(/usr/local/texlive/2025/texmf-dist/tex/latex/xcolor/xcolor.sty
Package: xcolor 2024/09/29 v3.02 LaTeX color extensions (UK)

(/usr/local/texlive/2025/texmf-dist/tex/latex/graphics-cfg/color.cfg
File: color.cfg 2016/01/02 v1.6 sample color configuration
)
Package xcolor Info: Driver file: pdftex.def on input line 274.

(/usr/local/texlive/2025/texmf-dist/tex/latex/graphics-def/pdftex.def
File: pdftex.def 2024/04/13 v1.2c Graphics/color driver for pdftex
)
(/usr/local/texlive/2025/texmf-dist/tex/latex/graphics/mathcolor.ltx)
Package xcolor Info: Model `cmy' substituted by `cmy0' on input line 1349.
Package xcolor Info: Model `hsb' substituted by `rgb' on input line 1353.
Package xcolor Info: Model `RGB' extended on input line 1365.
Package xcolor Info: Model `HTML' substituted by `rgb' on input line 1367.
Package xcolor Info: Model `Hsb' substituted by `hsb' on input line 1368.
Package xcolor Info: Model `tHsb' substituted by `hsb' on input line 1369.
Package xcolor Info: Model `HSB' substituted by `hsb' on input line 1370.
Package xcolor Info: Model `Gray' substituted by `gray' on input line 1371.
Package xcolor Info: Model `wave' substituted by `hsb' on input line 1372.
)
(/usr/local/texlive/2025/texmf-dist/tex/latex/graphics/dvipsnam.def
File: dvipsnam.def 2016/06/17 v3.0m Driver-dependent file (DPC,SPQR)
)
(/usr/local/texlive/2025/texmf-dist/tex/latex/hyperref/hyperref.sty
Package: hyperref 2024-11-05 v7.01l Hypertext links for LaTeX

(/usr/local/texlive/2025/texmf-dist/tex/latex/kvsetkeys/kvsetkeys.sty
Package: kvsetkeys 2022-10-05 v1.19 Key value parser (HO)
)
(/usr/local/texlive/2025/texmf-dist/tex/generic/kvdefinekeys/kvdefinekeys.sty
Package: kvdefinekeys 2019-12-19 v1.6 Define keys (HO)
)
(/usr/local/texlive/2025/texmf-dist/tex/generic/pdfescape/pdfescape.sty
Package: pdfescape 2019/12/09 v1.15 Implements pdfTeX's escape features (HO)

(/usr/local/texlive/2025/texmf-dist/tex/generic/ltxcmds/ltxcmds.sty
Package: ltxcmds 2023-12-04 v1.26 LaTeX kernel commands for general use (HO)
)
(/usr/local/texlive/2025/texmf-dist/tex/generic/pdftexcmds/pdftexcmds.sty
Package: pdftexcmds 2020-06-27 v0.33 Utility functions of pdfTeX for LuaTeX (HO
)

(/usr/local/texlive/2025/texmf-dist/tex/generic/infwarerr/infwarerr.sty
Package: infwarerr 2019/12/03 v1.5 Providing info/warning/error messages (HO)
)
Package pdftexcmds Info: \pdf@primitive is available.
Package pdftexcmds Info: \pdf@ifprimitive is available.
Package pdftexcmds Info: \pdfdraftmode found.
))
(/usr/local/texlive/2025/texmf-dist/tex/latex/hycolor/hycolor.sty
Package: hycolor 2020-01-27 v1.10 Color options for hyperref/bookmark (HO)
)
(/usr/local/texlive/2025/texmf-dist/tex/latex/hyperref/nameref.sty
Package: nameref 2023-11-26 v2.56 Cross-referencing by name of section

(/usr/local/texlive/2025/texmf-dist/tex/latex/refcount/refcount.sty
Package: refcount 2019/12/15 v3.6 Data extraction from label references (HO)
)
(/usr/local/texlive/2025/texmf-dist/tex/generic/gettitlestring/gettitlestring.s
ty
Package: gettitlestring 2019/12/15 v1.6 Cleanup title references (HO)
 (/usr/local/texlive/2025/texmf-dist/tex/latex/kvoptions/kvoptions.sty
Package: kvoptions 2022-06-15 v3.15 Key value format for package options (HO)
))
\c@section@level=\count287
)
(/usr/local/texlive/2025/texmf-dist/tex/latex/etoolbox/etoolbox.sty
Package: etoolbox 2025/02/11 v2.5l e-TeX tools for LaTeX (JAW)
\etb@tempcnta=\count288
)
(/usr/local/texlive/2025/texmf-dist/tex/generic/stringenc/stringenc.sty
Package: stringenc 2019/11/29 v1.12 Convert strings between diff. encodings (HO
)
)
\@linkdim=\dimen161
\Hy@linkcounter=\count289
\Hy@pagecounter=\count290

(/usr/local/texlive/2025/texmf-dist/tex/latex/hyperref/pd1enc.def
File: pd1enc.def 2024-11-05 v7.01l Hyperref: PDFDocEncoding definition (HO)
Now handling font encoding PD1 ...
... no UTF-8 mapping file for font encoding PD1
)
(/usr/local/texlive/2025/texmf-dist/tex/generic/intcalc/intcalc.sty
Package: intcalc 2019/12/15 v1.3 Expandable calculations with integers (HO)
)
\Hy@SavedSpaceFactor=\count291

(/usr/local/texlive/2025/texmf-dist/tex/latex/hyperref/puenc.def
File: puenc.def 2024-11-05 v7.01l Hyperref: PDF Unicode definition (HO)
Now handling font encoding PU ...
... no UTF-8 mapping file for font encoding PU
)
Package hyperref Info: Option `unicode' set `true' on input line 3143.
Package hyperref Info: Option `colorlinks' set `true' on input line 4040.
Package hyperref Info: Hyper figures OFF on input line 4157.
Package hyperref Info: Link nesting OFF on input line 4162.
Package hyperref Info: Hyper index ON on input line 4165.
Package hyperref Info: Plain pages OFF on input line 4172.
Package hyperref Info: Backreferencing OFF on input line 4177.
Package hyperref Info: Implicit mode ON; LaTeX internals redefined.
Package hyperref Info: Bookmarks ON on input line 4424.
\c@Hy@tempcnt=\count292

(/usr/local/texlive/2025/texmf-dist/tex/latex/url/url.sty
\Urlmuskip=\muskip18
Package: url 2013/09/16  ver 3.4  Verb mode for urls, etc.
)
LaTeX Info: Redefining \url on input line 4763.
\XeTeXLinkMargin=\dimen162

(/usr/local/texlive/2025/texmf-dist/tex/generic/bitset/bitset.sty
Package: bitset 2019/12/09 v1.3 Handle bit-vector datatype (HO)

(/usr/local/texlive/2025/texmf-dist/tex/generic/bigintcalc/bigintcalc.sty
Package: bigintcalc 2019/12/15 v1.5 Expandable calculations on big integers (HO
)
))
\Fld@menulength=\count293
\Field@Width=\dimen163
\Fld@charsize=\dimen164
Package hyperref Info: Hyper figures OFF on input line 6042.
Package hyperref Info: Link nesting OFF on input line 6047.
Package hyperref Info: Hyper index ON on input line 6050.
Package hyperref Info: backreferencing OFF on input line 6057.
Package hyperref Info: Link coloring ON on input line 6060.
Package hyperref Info: Link coloring with OCG OFF on input line 6067.
Package hyperref Info: PDF/A mode OFF on input line 6072.

(/usr/local/texlive/2025/texmf-dist/tex/latex/base/atbegshi-ltx.sty
Package: atbegshi-ltx 2021/01/10 v1.0c Emulation of the original atbegshi
package with kernel methods
)
\Hy@abspage=\count294
\c@Item=\count295
\c@Hfootnote=\count296
)
Package hyperref Info: Driver (autodetected): hpdftex.

(/usr/local/texlive/2025/texmf-dist/tex/latex/hyperref/hpdftex.def
File: hpdftex.def 2024-11-05 v7.01l Hyperref driver for pdfTeX

(/usr/local/texlive/2025/texmf-dist/tex/latex/base/atveryend-ltx.sty
Package: atveryend-ltx 2020/08/19 v1.0a Emulation of the original atveryend pac
kage
with kernel methods
)
\Fld@listcount=\count297
\c@bookmark@seq@number=\count298

(/usr/local/texlive/2025/texmf-dist/tex/latex/rerunfilecheck/rerunfilecheck.sty
Package: rerunfilecheck 2022-07-10 v1.10 Rerun checks for auxiliary files (HO)

(/usr/local/texlive/2025/texmf-dist/tex/generic/uniquecounter/uniquecounter.sty
Package: uniquecounter 2019/12/15 v1.4 Provide unlimited unique counter (HO)
)
Package uniquecounter Info: New unique counter `rerunfilecheck' on input line 2
85.
)
\Hy@SectionHShift=\skip57
) (/usr/local/texlive/2025/texmf-dist/tex/latex/natbib/natbib.sty
Package: natbib 2010/09/13 8.31b (PWD, AO)
\bibhang=\skip58
\bibsep=\skip59
LaTeX Info: Redefining \cite on input line 694.
\c@NAT@ctr=\count299
)
(/usr/local/texlive/2025/texmf-dist/tex/latex/subfiles/subfiles.sty
Package: subfiles 2020/11/14 v2.2 Multi-file projects (package)

(/usr/local/texlive/2025/texmf-dist/tex/latex/import/import.sty
Package: import 2020/04/01  v 6.2
))
(/usr/local/texlive/2025/texmf-dist/tex/latex/enumitem/enumitem.sty
Package: enumitem 2025/02/06 v3.11 Customized lists
\labelindent=\skip60
\enit@outerparindent=\dimen165
\enit@toks=\toks32
\enit@inbox=\box54
\enit@count@id=\count300
\enitdp@description=\count301
)
(/usr/local/texlive/2025/texmf-dist/tex/latex/algorithms/algorithm.sty
Package: algorithm 2009/08/24 v0.1 Document Style `algorithm' - floating enviro
nment

(/usr/local/texlive/2025/texmf-dist/tex/latex/float/float.sty
Package: float 2001/11/08 v1.3d Float enhancements (AL)
\c@float@type=\count302
\float@exts=\toks33
\float@box=\box55
\@float@everytoks=\toks34
\@floatcapt=\box56
)
(/usr/local/texlive/2025/texmf-dist/tex/latex/base/ifthen.sty
Package: ifthen 2024/03/16 v1.1e Standard LaTeX ifthen package (DPC)
)
\@float@every@algorithm=\toks35
\c@algorithm=\count303
)
(/usr/local/texlive/2025/texmf-dist/tex/latex/stmaryrd/stmaryrd.sty
Package: stmaryrd 1994/03/03 St Mary's Road symbol package
\symstmry=\mathgroup6
LaTeX Font Info:    Overwriting symbol font `stmry' in version `bold'
(Font)                  U/stmry/m/n --> U/stmry/b/n on input line 89.
)
(/usr/local/texlive/2025/texmf-dist/tex/latex/pgf/frontendlayer/tikz.sty
(/usr/local/texlive/2025/texmf-dist/tex/latex/pgf/basiclayer/pgf.sty
(/usr/local/texlive/2025/texmf-dist/tex/latex/pgf/utilities/pgfrcs.sty
(/usr/local/texlive/2025/texmf-dist/tex/generic/pgf/utilities/pgfutil-common.te
x
\pgfutil@everybye=\toks36
\pgfutil@tempdima=\dimen166
\pgfutil@tempdimb=\dimen167
)
(/usr/local/texlive/2025/texmf-dist/tex/generic/pgf/utilities/pgfutil-latex.def
\pgfutil@abb=\box57
) (/usr/local/texlive/2025/texmf-dist/tex/generic/pgf/utilities/pgfrcs.code.tex
(/usr/local/texlive/2025/texmf-dist/tex/generic/pgf/pgf.revision.tex)
Package: pgfrcs 2023-01-15 v3.1.10 (3.1.10)
))
Package: pgf 2023-01-15 v3.1.10 (3.1.10)

(/usr/local/texlive/2025/texmf-dist/tex/latex/pgf/basiclayer/pgfcore.sty
(/usr/local/texlive/2025/texmf-dist/tex/latex/graphics/graphicx.sty
Package: graphicx 2021/09/16 v1.2d Enhanced LaTeX Graphics (DPC,SPQR)

(/usr/local/texlive/2025/texmf-dist/tex/latex/graphics/graphics.sty
Package: graphics 2024/08/06 v1.4g Standard LaTeX Graphics (DPC,SPQR)

(/usr/local/texlive/2025/texmf-dist/tex/latex/graphics/trig.sty
Package: trig 2023/12/02 v1.11 sin cos tan (DPC)
)
(/usr/local/texlive/2025/texmf-dist/tex/latex/graphics-cfg/graphics.cfg
File: graphics.cfg 2016/06/04 v1.11 sample graphics configuration
)
Package graphics Info: Driver file: pdftex.def on input line 106.
)
\Gin@req@height=\dimen168
\Gin@req@width=\dimen169
)
(/usr/local/texlive/2025/texmf-dist/tex/latex/pgf/systemlayer/pgfsys.sty
(/usr/local/texlive/2025/texmf-dist/tex/generic/pgf/systemlayer/pgfsys.code.tex
Package: pgfsys 2023-01-15 v3.1.10 (3.1.10)
(/usr/local/texlive/2025/texmf-dist/tex/generic/pgf/utilities/pgfkeys.code.tex
\pgfkeys@pathtoks=\toks37
\pgfkeys@temptoks=\toks38

(/usr/local/texlive/2025/texmf-dist/tex/generic/pgf/utilities/pgfkeyslibraryfil
tered.code.tex
\pgfkeys@tmptoks=\toks39
))
\pgf@x=\dimen170
\pgf@y=\dimen171
\pgf@xa=\dimen172
\pgf@ya=\dimen173
\pgf@xb=\dimen174
\pgf@yb=\dimen175
\pgf@xc=\dimen176
\pgf@yc=\dimen177
\pgf@xd=\dimen178
\pgf@yd=\dimen179
\w@pgf@writea=\write3
\r@pgf@reada=\read3
\c@pgf@counta=\count304
\c@pgf@countb=\count305
\c@pgf@countc=\count306
\c@pgf@countd=\count307
\t@pgf@toka=\toks40
\t@pgf@tokb=\toks41
\t@pgf@tokc=\toks42
\pgf@sys@id@count=\count308

(/usr/local/texlive/2025/texmf-dist/tex/generic/pgf/systemlayer/pgf.cfg
File: pgf.cfg 2023-01-15 v3.1.10 (3.1.10)
)
Driver file for pgf: pgfsys-pdftex.def

(/usr/local/texlive/2025/texmf-dist/tex/generic/pgf/systemlayer/pgfsys-pdftex.d
ef
File: pgfsys-pdftex.def 2023-01-15 v3.1.10 (3.1.10)

(/usr/local/texlive/2025/texmf-dist/tex/generic/pgf/systemlayer/pgfsys-common-p
df.def
File: pgfsys-common-pdf.def 2023-01-15 v3.1.10 (3.1.10)
)))
(/usr/local/texlive/2025/texmf-dist/tex/generic/pgf/systemlayer/pgfsyssoftpath.
code.tex
File: pgfsyssoftpath.code.tex 2023-01-15 v3.1.10 (3.1.10)
\pgfsyssoftpath@smallbuffer@items=\count309
\pgfsyssoftpath@bigbuffer@items=\count310
)
(/usr/local/texlive/2025/texmf-dist/tex/generic/pgf/systemlayer/pgfsysprotocol.
code.tex
File: pgfsysprotocol.code.tex 2023-01-15 v3.1.10 (3.1.10)
))
(/usr/local/texlive/2025/texmf-dist/tex/generic/pgf/basiclayer/pgfcore.code.tex
Package: pgfcore 2023-01-15 v3.1.10 (3.1.10)
(/usr/local/texlive/2025/texmf-dist/tex/generic/pgf/math/pgfmath.code.tex
(/usr/local/texlive/2025/texmf-dist/tex/generic/pgf/math/pgfmathutil.code.tex)
(/usr/local/texlive/2025/texmf-dist/tex/generic/pgf/math/pgfmathparser.code.tex
\pgfmath@dimen=\dimen180
\pgfmath@count=\count311
\pgfmath@box=\box58
\pgfmath@toks=\toks43
\pgfmath@stack@operand=\toks44
\pgfmath@stack@operation=\toks45
)
(/usr/local/texlive/2025/texmf-dist/tex/generic/pgf/math/pgfmathfunctions.code.
tex)
(/usr/local/texlive/2025/texmf-dist/tex/generic/pgf/math/pgfmathfunctions.basic
.code.tex)
(/usr/local/texlive/2025/texmf-dist/tex/generic/pgf/math/pgfmathfunctions.trigo
nometric.code.tex)
(/usr/local/texlive/2025/texmf-dist/tex/generic/pgf/math/pgfmathfunctions.rando
m.code.tex)
(/usr/local/texlive/2025/texmf-dist/tex/generic/pgf/math/pgfmathfunctions.compa
rison.code.tex)
(/usr/local/texlive/2025/texmf-dist/tex/generic/pgf/math/pgfmathfunctions.base.
code.tex)
(/usr/local/texlive/2025/texmf-dist/tex/generic/pgf/math/pgfmathfunctions.round
.code.tex)
(/usr/local/texlive/2025/texmf-dist/tex/generic/pgf/math/pgfmathfunctions.misc.
code.tex)
(/usr/local/texlive/2025/texmf-dist/tex/generic/pgf/math/pgfmathfunctions.integ
erarithmetics.code.tex)
(/usr/local/texlive/2025/texmf-dist/tex/generic/pgf/math/pgfmathcalc.code.tex)
(/usr/local/texlive/2025/texmf-dist/tex/generic/pgf/math/pgfmathfloat.code.tex
\c@pgfmathroundto@lastzeros=\count312
)) (/usr/local/texlive/2025/texmf-dist/tex/generic/pgf/math/pgfint.code.tex)
(/usr/local/texlive/2025/texmf-dist/tex/generic/pgf/basiclayer/pgfcorepoints.co
de.tex
File: pgfcorepoints.code.tex 2023-01-15 v3.1.10 (3.1.10)
\pgf@picminx=\dimen181
\pgf@picmaxx=\dimen182
\pgf@picminy=\dimen183
\pgf@picmaxy=\dimen184
\pgf@pathminx=\dimen185
\pgf@pathmaxx=\dimen186
\pgf@pathminy=\dimen187
\pgf@pathmaxy=\dimen188
\pgf@xx=\dimen189
\pgf@xy=\dimen190
\pgf@yx=\dimen191
\pgf@yy=\dimen192
\pgf@zx=\dimen193
\pgf@zy=\dimen194
)
(/usr/local/texlive/2025/texmf-dist/tex/generic/pgf/basiclayer/pgfcorepathconst
ruct.code.tex
File: pgfcorepathconstruct.code.tex 2023-01-15 v3.1.10 (3.1.10)
\pgf@path@lastx=\dimen195
\pgf@path@lasty=\dimen196
)
(/usr/local/texlive/2025/texmf-dist/tex/generic/pgf/basiclayer/pgfcorepathusage
.code.tex
File: pgfcorepathusage.code.tex 2023-01-15 v3.1.10 (3.1.10)
\pgf@shorten@end@additional=\dimen197
\pgf@shorten@start@additional=\dimen198
)
(/usr/local/texlive/2025/texmf-dist/tex/generic/pgf/basiclayer/pgfcorescopes.co
de.tex
File: pgfcorescopes.code.tex 2023-01-15 v3.1.10 (3.1.10)
\pgfpic=\box59
\pgf@hbox=\box60
\pgf@layerbox@main=\box61
\pgf@picture@serial@count=\count313
)
(/usr/local/texlive/2025/texmf-dist/tex/generic/pgf/basiclayer/pgfcoregraphicst
ate.code.tex
File: pgfcoregraphicstate.code.tex 2023-01-15 v3.1.10 (3.1.10)
\pgflinewidth=\dimen199
)
(/usr/local/texlive/2025/texmf-dist/tex/generic/pgf/basiclayer/pgfcoretransform
ations.code.tex
File: pgfcoretransformations.code.tex 2023-01-15 v3.1.10 (3.1.10)
\pgf@pt@x=\dimen256
\pgf@pt@y=\dimen257
\pgf@pt@temp=\dimen258
)
(/usr/local/texlive/2025/texmf-dist/tex/generic/pgf/basiclayer/pgfcorequick.cod
e.tex
File: pgfcorequick.code.tex 2023-01-15 v3.1.10 (3.1.10)
)
(/usr/local/texlive/2025/texmf-dist/tex/generic/pgf/basiclayer/pgfcoreobjects.c
ode.tex
File: pgfcoreobjects.code.tex 2023-01-15 v3.1.10 (3.1.10)
)
(/usr/local/texlive/2025/texmf-dist/tex/generic/pgf/basiclayer/pgfcorepathproce
ssing.code.tex
File: pgfcorepathprocessing.code.tex 2023-01-15 v3.1.10 (3.1.10)
)
(/usr/local/texlive/2025/texmf-dist/tex/generic/pgf/basiclayer/pgfcorearrows.co
de.tex
File: pgfcorearrows.code.tex 2023-01-15 v3.1.10 (3.1.10)
\pgfarrowsep=\dimen259
)
(/usr/local/texlive/2025/texmf-dist/tex/generic/pgf/basiclayer/pgfcoreshade.cod
e.tex
File: pgfcoreshade.code.tex 2023-01-15 v3.1.10 (3.1.10)
\pgf@max=\dimen260
\pgf@sys@shading@range@num=\count314
\pgf@shadingcount=\count315
)
(/usr/local/texlive/2025/texmf-dist/tex/generic/pgf/basiclayer/pgfcoreimage.cod
e.tex
File: pgfcoreimage.code.tex 2023-01-15 v3.1.10 (3.1.10)
)
(/usr/local/texlive/2025/texmf-dist/tex/generic/pgf/basiclayer/pgfcoreexternal.
code.tex
File: pgfcoreexternal.code.tex 2023-01-15 v3.1.10 (3.1.10)
\pgfexternal@startupbox=\box62
)
(/usr/local/texlive/2025/texmf-dist/tex/generic/pgf/basiclayer/pgfcorelayers.co
de.tex
File: pgfcorelayers.code.tex 2023-01-15 v3.1.10 (3.1.10)
)
(/usr/local/texlive/2025/texmf-dist/tex/generic/pgf/basiclayer/pgfcoretranspare
ncy.code.tex
File: pgfcoretransparency.code.tex 2023-01-15 v3.1.10 (3.1.10)
)
(/usr/local/texlive/2025/texmf-dist/tex/generic/pgf/basiclayer/pgfcorepatterns.
code.tex
File: pgfcorepatterns.code.tex 2023-01-15 v3.1.10 (3.1.10)
)
(/usr/local/texlive/2025/texmf-dist/tex/generic/pgf/basiclayer/pgfcorerdf.code.
tex
File: pgfcorerdf.code.tex 2023-01-15 v3.1.10 (3.1.10)
)))
(/usr/local/texlive/2025/texmf-dist/tex/generic/pgf/modules/pgfmoduleshapes.cod
e.tex
File: pgfmoduleshapes.code.tex 2023-01-15 v3.1.10 (3.1.10)
\pgfnodeparttextbox=\box63
)
(/usr/local/texlive/2025/texmf-dist/tex/generic/pgf/modules/pgfmoduleplot.code.
tex
File: pgfmoduleplot.code.tex 2023-01-15 v3.1.10 (3.1.10)
)
(/usr/local/texlive/2025/texmf-dist/tex/latex/pgf/compatibility/pgfcomp-version
-0-65.sty
Package: pgfcomp-version-0-65 2023-01-15 v3.1.10 (3.1.10)
\pgf@nodesepstart=\dimen261
\pgf@nodesepend=\dimen262
)
(/usr/local/texlive/2025/texmf-dist/tex/latex/pgf/compatibility/pgfcomp-version
-1-18.sty
Package: pgfcomp-version-1-18 2023-01-15 v3.1.10 (3.1.10)
))
(/usr/local/texlive/2025/texmf-dist/tex/latex/pgf/utilities/pgffor.sty
(/usr/local/texlive/2025/texmf-dist/tex/latex/pgf/utilities/pgfkeys.sty
(/usr/local/texlive/2025/texmf-dist/tex/generic/pgf/utilities/pgfkeys.code.tex)
) (/usr/local/texlive/2025/texmf-dist/tex/latex/pgf/math/pgfmath.sty
(/usr/local/texlive/2025/texmf-dist/tex/generic/pgf/math/pgfmath.code.tex))
(/usr/local/texlive/2025/texmf-dist/tex/generic/pgf/utilities/pgffor.code.tex
Package: pgffor 2023-01-15 v3.1.10 (3.1.10)
\pgffor@iter=\dimen263
\pgffor@skip=\dimen264
\pgffor@stack=\toks46
\pgffor@toks=\toks47
))
(/usr/local/texlive/2025/texmf-dist/tex/generic/pgf/frontendlayer/tikz/tikz.cod
e.tex
Package: tikz 2023-01-15 v3.1.10 (3.1.10)

(/usr/local/texlive/2025/texmf-dist/tex/generic/pgf/libraries/pgflibraryplothan
dlers.code.tex
File: pgflibraryplothandlers.code.tex 2023-01-15 v3.1.10 (3.1.10)
\pgf@plot@mark@count=\count316
\pgfplotmarksize=\dimen265
)
\tikz@lastx=\dimen266
\tikz@lasty=\dimen267
\tikz@lastxsaved=\dimen268
\tikz@lastysaved=\dimen269
\tikz@lastmovetox=\dimen270
\tikz@lastmovetoy=\dimen271
\tikzleveldistance=\dimen272
\tikzsiblingdistance=\dimen273
\tikz@figbox=\box64
\tikz@figbox@bg=\box65
\tikz@tempbox=\box66
\tikz@tempbox@bg=\box67
\tikztreelevel=\count317
\tikznumberofchildren=\count318
\tikznumberofcurrentchild=\count319
\tikz@fig@count=\count320

(/usr/local/texlive/2025/texmf-dist/tex/generic/pgf/modules/pgfmodulematrix.cod
e.tex
File: pgfmodulematrix.code.tex 2023-01-15 v3.1.10 (3.1.10)
\pgfmatrixcurrentrow=\count321
\pgfmatrixcurrentcolumn=\count322
\pgf@matrix@numberofcolumns=\count323
)
\tikz@expandcount=\count324

(/usr/local/texlive/2025/texmf-dist/tex/generic/pgf/frontendlayer/tikz/librarie
s/tikzlibrarytopaths.code.tex
File: tikzlibrarytopaths.code.tex 2023-01-15 v3.1.10 (3.1.10)
)))
(/usr/local/texlive/2025/texmf-dist/tex/latex/pgfplots/pgfplots.sty
(/usr/local/texlive/2025/texmf-dist/tex/generic/pgfplots/pgfplots.revision.tex)
Package: pgfplots 2021/05/15 v1.18.1 Data Visualization (1.18.1)
(/usr/local/texlive/2025/texmf-dist/tex/generic/pgfplots/pgfplots.code.tex
(/usr/local/texlive/2025/texmf-dist/tex/generic/pgfplots/pgfplotscore.code.tex
\t@pgfplots@toka=\toks48
\t@pgfplots@tokb=\toks49
\t@pgfplots@tokc=\toks50
\pgfplots@tmpa=\dimen274
\c@pgfplots@coordindex=\count325
\c@pgfplots@scanlineindex=\count326

(/usr/local/texlive/2025/texmf-dist/tex/generic/pgfplots/sys/pgfplotssysgeneric
.code.tex))
(/usr/local/texlive/2025/texmf-dist/tex/generic/pgfplots/libs/pgfplotslibrary.c
ode.tex)
(/usr/local/texlive/2025/texmf-dist/tex/generic/pgfplots/oldpgfcompatib/pgfplot
soldpgfsupp_loader.code.tex
(/usr/local/texlive/2025/texmf-dist/tex/generic/pgf/libraries/pgflibraryfpu.cod
e.tex)
Package pgfplots: loading complementary utilities for your pgf version...
\t@pgf@toka=\toks51
\t@pgf@tokb=\toks52
\t@pgf@tokc=\toks53

(/usr/local/texlive/2025/texmf-dist/tex/generic/pgfplots/oldpgfcompatib/pgfplot
soldpgfsupp_pgfutil-common-lists.tex))
(/usr/local/texlive/2025/texmf-dist/tex/generic/pgfplots/util/pgfplotsutil.code
.tex
(/usr/local/texlive/2025/texmf-dist/tex/generic/pgfplots/liststructure/pgfplots
liststructure.code.tex)
(/usr/local/texlive/2025/texmf-dist/tex/generic/pgfplots/liststructure/pgfplots
liststructureext.code.tex)
(/usr/local/texlive/2025/texmf-dist/tex/generic/pgfplots/liststructure/pgfplots
array.code.tex
\c@pgfplotsarray@tmp=\count327
)
(/usr/local/texlive/2025/texmf-dist/tex/generic/pgfplots/liststructure/pgfplots
matrix.code.tex)
(/usr/local/texlive/2025/texmf-dist/tex/generic/pgfplots/numtable/pgfplotstable
shared.code.tex
\c@pgfplotstable@counta=\count328
\t@pgfplotstable@a=\toks54
)
(/usr/local/texlive/2025/texmf-dist/tex/generic/pgfplots/liststructure/pgfplots
deque.code.tex)
(/usr/local/texlive/2025/texmf-dist/tex/generic/pgfplots/util/pgfplotsbinary.co
de.tex
(/usr/local/texlive/2025/texmf-dist/tex/generic/pgfplots/util/pgfplotsbinary.da
ta.code.tex))
(/usr/local/texlive/2025/texmf-dist/tex/generic/pgfplots/util/pgfplotsutil.verb
.code.tex)
(/usr/local/texlive/2025/texmf-dist/tex/generic/pgfplots/libs/pgflibrarypgfplot
s.surfshading.code.tex
\c@pgfplotslibrarysurf@no=\count329

(/usr/local/texlive/2025/texmf-dist/tex/generic/pgfplots/sys/pgflibrarypgfplots
.surfshading.pgfsys-pdftex.def)))
(/usr/local/texlive/2025/texmf-dist/tex/generic/pgfplots/util/pgfplotscolormap.
code.tex
(/usr/local/texlive/2025/texmf-dist/tex/generic/pgfplots/util/pgfplotscolor.cod
e.tex))
(/usr/local/texlive/2025/texmf-dist/tex/generic/pgfplots/pgfplotsstackedplots.c
ode.tex)
(/usr/local/texlive/2025/texmf-dist/tex/generic/pgfplots/pgfplotsplothandlers.c
ode.tex
(/usr/local/texlive/2025/texmf-dist/tex/generic/pgfplots/pgfplotsmeshplothandle
r.code.tex
(/usr/local/texlive/2025/texmf-dist/tex/generic/pgfplots/pgfplotsmeshplotimage.
code.tex)))
(/usr/local/texlive/2025/texmf-dist/tex/generic/pgfplots/pgfplots.scaling.code.
tex)
(/usr/local/texlive/2025/texmf-dist/tex/generic/pgfplots/pgfplotscoordprocessin
g.code.tex)
(/usr/local/texlive/2025/texmf-dist/tex/generic/pgfplots/pgfplots.errorbars.cod
e.tex)
(/usr/local/texlive/2025/texmf-dist/tex/generic/pgfplots/pgfplots.markers.code.
tex)
(/usr/local/texlive/2025/texmf-dist/tex/generic/pgfplots/pgfplotsticks.code.tex
)
(/usr/local/texlive/2025/texmf-dist/tex/generic/pgfplots/pgfplots.paths.code.te
x)
(/usr/local/texlive/2025/texmf-dist/tex/generic/pgf/frontendlayer/tikz/librarie
s/tikzlibrarydecorations.code.tex
(/usr/local/texlive/2025/texmf-dist/tex/generic/pgf/modules/pgfmoduledecoration
s.code.tex
\pgfdecoratedcompleteddistance=\dimen275
\pgfdecoratedremainingdistance=\dimen276
\pgfdecoratedinputsegmentcompleteddistance=\dimen277
\pgfdecoratedinputsegmentremainingdistance=\dimen278
\pgf@decorate@distancetomove=\dimen279
\pgf@decorate@repeatstate=\count330
\pgfdecorationsegmentamplitude=\dimen280
\pgfdecorationsegmentlength=\dimen281
)
\tikz@lib@dec@box=\box68
)
(/usr/local/texlive/2025/texmf-dist/tex/generic/pgf/frontendlayer/tikz/librarie
s/tikzlibrarydecorations.pathmorphing.code.tex
(/usr/local/texlive/2025/texmf-dist/tex/generic/pgf/libraries/decorations/pgfli
brarydecorations.pathmorphing.code.tex))
(/usr/local/texlive/2025/texmf-dist/tex/generic/pgf/frontendlayer/tikz/librarie
s/tikzlibrarydecorations.pathreplacing.code.tex
(/usr/local/texlive/2025/texmf-dist/tex/generic/pgf/libraries/decorations/pgfli
brarydecorations.pathreplacing.code.tex))
(/usr/local/texlive/2025/texmf-dist/tex/generic/pgfplots/libs/tikzlibrarypgfplo
ts.contourlua.code.tex)
\pgfplots@numplots=\count331
\pgfplots@xmin@reg=\dimen282
\pgfplots@xmax@reg=\dimen283
\pgfplots@ymin@reg=\dimen284
\pgfplots@ymax@reg=\dimen285
\pgfplots@zmin@reg=\dimen286
\pgfplots@zmax@reg=\dimen287
)
(/usr/local/texlive/2025/texmf-dist/tex/generic/pgf/frontendlayer/tikz/librarie
s/tikzlibraryplotmarks.code.tex
File: tikzlibraryplotmarks.code.tex 2023-01-15 v3.1.10 (3.1.10)

(/usr/local/texlive/2025/texmf-dist/tex/generic/pgf/libraries/pgflibraryplotmar
ks.code.tex
File: pgflibraryplotmarks.code.tex 2023-01-15 v3.1.10 (3.1.10)
)))
(/usr/local/texlive/2025/texmf-dist/tex/latex/wrapfig/wrapfig.sty
\wrapoverhang=\dimen288
\WF@size=\dimen289
\c@WF@wrappedlines=\count332
\WF@box=\box69
\WF@everypar=\toks55
Package: wrapfig 2003/01/31  v 3.6
))
(/usr/local/texlive/2025/texmf-dist/tex/latex/caption/subcaption.sty
Package: subcaption 2023/07/28 v1.6b Sub-captions (AR)

(/usr/local/texlive/2025/texmf-dist/tex/latex/caption/caption.sty
Package: caption 2023/08/05 v3.6o Customizing captions (AR)

(/usr/local/texlive/2025/texmf-dist/tex/latex/caption/caption3.sty
Package: caption3 2023/07/31 v2.4d caption3 kernel (AR)
\caption@tempdima=\dimen290
\captionmargin=\dimen291
\caption@leftmargin=\dimen292
\caption@rightmargin=\dimen293
\caption@width=\dimen294
\caption@indent=\dimen295
\caption@parindent=\dimen296
\caption@hangindent=\dimen297
Package caption Info: Standard document class detected.
)
\c@caption@flags=\count333
\c@continuedfloat=\count334
Package caption Info: float package is loaded.
Package caption Info: hyperref package is loaded.
Package caption Info: wrapfig package is loaded.
)
Package caption Info: New subtype `subfigure' on input line 238.
\c@subfigure=\count335
Package caption Info: New subtype `subtable' on input line 238.
\c@subtable=\count336
)
(/usr/local/texlive/2025/texmf-dist/tex/latex/l3backend/l3backend-pdftex.def
File: l3backend-pdftex.def 2024-05-08 L3 backend support: PDF output (pdfTeX)
\l__color_backend_stack_int=\count337
\l__pdf_internal_box=\box70
)
No file main.aux.
\openout1 = `main.aux'.

LaTeX Font Info:    Checking defaults for OML/cmm/m/it on input line 12.
LaTeX Font Info:    ... okay on input line 12.
LaTeX Font Info:    Checking defaults for OMS/cmsy/m/n on input line 12.
LaTeX Font Info:    ... okay on input line 12.
LaTeX Font Info:    Checking defaults for OT1/cmr/m/n on input line 12.
LaTeX Font Info:    ... okay on input line 12.
LaTeX Font Info:    Checking defaults for T1/cmr/m/n on input line 12.
LaTeX Font Info:    ... okay on input line 12.
LaTeX Font Info:    Checking defaults for TS1/cmr/m/n on input line 12.
LaTeX Font Info:    ... okay on input line 12.
LaTeX Font Info:    Checking defaults for OMX/cmex/m/n on input line 12.
LaTeX Font Info:    ... okay on input line 12.
LaTeX Font Info:    Checking defaults for U/cmr/m/n on input line 12.
LaTeX Font Info:    ... okay on input line 12.
LaTeX Font Info:    Checking defaults for T2A/cmr/m/n on input line 12.
LaTeX Font Info:    ... okay on input line 12.
LaTeX Font Info:    Checking defaults for PD1/pdf/m/n on input line 12.
LaTeX Font Info:    ... okay on input line 12.
LaTeX Font Info:    Checking defaults for PU/pdf/m/n on input line 12.
LaTeX Font Info:    ... okay on input line 12.
*geometry* driver: auto-detecting
*geometry* detected driver: pdftex
*geometry* verbose mode - [ preamble ] result:
* driver: pdftex
* paper: a4paper
* layout: <same size as paper>
* layoutoffset:(h,v)=(0.0pt,0.0pt)
* modes: 
* h-part:(L,W,R)=(71.13188pt, 469.47049pt, 56.9055pt)
* v-part:(T,H,B)=(56.9055pt, 731.23584pt, 56.9055pt)
* \paperwidth=597.50787pt
* \paperheight=845.04684pt
* \textwidth=469.47049pt
* \textheight=731.23584pt
* \oddsidemargin=-1.1381pt
* \evensidemargin=-1.1381pt
* \topmargin=-52.36449pt
* \headheight=12.0pt
* \headsep=25.0pt
* \topskip=12.0pt
* \footskip=30.0pt
* \marginparwidth=44.0pt
* \marginparsep=10.0pt
* \columnsep=10.0pt
* \skip\footins=10.8pt plus 4.0pt minus 2.0pt
* \hoffset=0.0pt
* \voffset=0.0pt
* \mag=1000
* \@twocolumnfalse
* \@twosidefalse
* \@mparswitchfalse
* \@reversemarginfalse
* (1in=72.27pt=25.4mm, 1cm=28.453pt)

LaTeX Info: Redefining \th on input line 12.
(/usr/local/texlive/2025/texmf-dist/tex/context/base/mkii/supp-pdf.mkii
[Loading MPS to PDF converter (version 2006.09.02).]
\scratchcounter=\count338
\scratchdimen=\dimen298
\scratchbox=\box71
\nofMPsegments=\count339
\nofMParguments=\count340
\everyMPshowfont=\toks56
\MPscratchCnt=\count341
\MPscratchDim=\dimen299
\MPnumerator=\count342
\makeMPintoPDFobject=\count343
\everyMPtoPDFconversion=\toks57
) (/usr/local/texlive/2025/texmf-dist/tex/latex/epstopdf-pkg/epstopdf-base.sty
Package: epstopdf-base 2020-01-24 v2.11 Base part for package epstopdf
Package epstopdf-base Info: Redefining graphics rule for `.eps' on input line 4
85.

(/usr/local/texlive/2025/texmf-dist/tex/latex/latexconfig/epstopdf-sys.cfg
File: epstopdf-sys.cfg 2010/07/13 v1.3 Configuration of (r)epstopdf for TeX Liv
e
))
Package hyperref Info: Link coloring ON on input line 12.
\@outlinefile=\write4
\openout4 = `main.out'.



Package pgfplots Warning: running in backwards compatibility mode (unsuitable t
ick labels; missing features). Consider writing \pgfplotsset{compat=1.18} into 
your preamble.
 on input line 12.

Package caption Info: Begin \AtBeginDocument code.
Package caption Info: End \AtBeginDocument code.
LaTeX Font Info:    Trying to load font information for U+msa on input line 15.

(/usr/local/texlive/2025/texmf-dist/tex/latex/amsfonts/umsa.fd
File: umsa.fd 2013/01/14 v3.01 AMS symbols A
)
LaTeX Font Info:    Trying to load font information for U+msb on input line 15.


(/usr/local/texlive/2025/texmf-dist/tex/latex/amsfonts/umsb.fd
File: umsb.fd 2013/01/14 v3.01 AMS symbols B
)
LaTeX Font Info:    Trying to load font information for U+stmry on input line 1
5.

(/usr/local/texlive/2025/texmf-dist/tex/latex/stmaryrd/Ustmry.fd)

LaTeX Warning: No \author given.

No file main.toc.
\tf@toc=\write5
\openout5 = `main.toc'.



[1

{/usr/local/texlive/2025/texmf-var/fonts/map/pdftex/updmap/pdftex.map}{/usr/loc
al/texlive/2025/texmf-dist/fonts/enc/dvips/cm-super/cm-super-t2a.enc}{/usr/loca
l/texlive/2025/texmf-dist/fonts/enc/dvips/cm-super/cm-super-ts1.enc}]

[2]

Package natbib Warning: Citation `watkins1992q' on page 3 undefined on input li
ne 118.


Package natbib Warning: Citation `sutton2018reinforcement' on page 3 undefined 
on input line 118.


Package amsmath Warning: Cannot use `split' here;
(amsmath)                trying to recover with `aligned' on input line 127.



[3]
Runaway argument?
{Граф с 3\subsection {Граф с 3 вершинами} 
! Paragraph ended before \@sect was complete.
<to be read again> 
                   \par 
l.385 lain}
           
? 

Package hyperref Warning: Difference (2) between bookmark levels is greater 
(hyperref)                than one, level fixed on input line 385.

<figures/triangle_gamma0.0.jpg, id=40, 1011.78pt x 361.35pt>
File: figures/triangle_gamma0.0.jpg Graphic file (type jpg)
<use figures/triangle_gamma0.0.jpg>
Package pdftex.def Info: figures/triangle_gamma0.0.jpg  used on input line 385.

(pdftex.def)             Requested size: 469.47049pt x 167.66762pt.
<figures/triangle_gamma0.3.jpg, id=41, 1011.78pt x 361.35pt>
File: figures/triangle_gamma0.3.jpg Graphic file (type jpg)
<use figures/triangle_gamma0.3.jpg>
Package pdftex.def Info: figures/triangle_gamma0.3.jpg  used on input line 385.

(pdftex.def)             Requested size: 469.47049pt x 167.66762pt.
<figures/triangle_gamma0.5.jpg, id=42, 1011.78pt x 361.35pt>
File: figures/triangle_gamma0.5.jpg Graphic file (type jpg)
<use figures/triangle_gamma0.5.jpg>
Package pdftex.def Info: figures/triangle_gamma0.5.jpg  used on input line 385.

(pdftex.def)             Requested size: 469.47049pt x 167.66762pt.


[4 <./figures/triangle_gamma0.0.jpg> <./figures/triangle_gamma0.3.jpg>]
<figures/triangle_gamma0.7.jpg, id=52, 1011.78pt x 361.35pt>
File: figures/triangle_gamma0.7.jpg Graphic file (type jpg)
<use figures/triangle_gamma0.7.jpg>
Package pdftex.def Info: figures/triangle_gamma0.7.jpg  used on input line 385.

(pdftex.def)             Requested size: 469.47049pt x 167.66762pt.
<figures/triangle_gamma0.9.jpg, id=53, 1011.78pt x 361.35pt>
File: figures/triangle_gamma0.9.jpg Graphic file (type jpg)
<use figures/triangle_gamma0.9.jpg>
Package pdftex.def Info: figures/triangle_gamma0.9.jpg  used on input line 385.

(pdftex.def)             Requested size: 469.47049pt x 167.66762pt.
<figures/chain3_gamma0.0.jpg, id=54, 1011.78pt x 361.35pt>
File: figures/chain3_gamma0.0.jpg Graphic file (type jpg)
<use figures/chain3_gamma0.0.jpg>
Package pdftex.def Info: figures/chain3_gamma0.0.jpg  used on input line 385.
(pdftex.def)             Requested size: 469.47049pt x 167.66762pt.


[5 <./figures/triangle_gamma0.5.jpg> <./figures/triangle_gamma0.7.jpg> <./figur
es/triangle_gamma0.9.jpg>]
<figures/chain3_gamma0.3.jpg, id=62, 1011.78pt x 361.35pt>
File: figures/chain3_gamma0.3.jpg Graphic file (type jpg)
<use figures/chain3_gamma0.3.jpg>
Package pdftex.def Info: figures/chain3_gamma0.3.jpg  used on input line 385.
(pdftex.def)             Requested size: 469.47049pt x 167.66762pt.
<figures/chain3_gamma0.5.jpg, id=63, 1011.78pt x 361.35pt>
File: figures/chain3_gamma0.5.jpg Graphic file (type jpg)
<use figures/chain3_gamma0.5.jpg>
Package pdftex.def Info: figures/chain3_gamma0.5.jpg  used on input line 385.
(pdftex.def)             Requested size: 469.47049pt x 167.66762pt.
<figures/chain3_gamma0.7.jpg, id=64, 1011.78pt x 361.35pt>
File: figures/chain3_gamma0.7.jpg Graphic file (type jpg)
<use figures/chain3_gamma0.7.jpg>
Package pdftex.def Info: figures/chain3_gamma0.7.jpg  used on input line 385.
(pdftex.def)             Requested size: 469.47049pt x 167.66762pt.


[6 <./figures/chain3_gamma0.0.jpg> <./figures/chain3_gamma0.3.jpg> <./figures/c
hain3_gamma0.5.jpg>]
<figures/chain3_gamma0.9.jpg, id=73, 1011.78pt x 361.35pt>
File: figures/chain3_gamma0.9.jpg Graphic file (type jpg)
<use figures/chain3_gamma0.9.jpg>
Package pdftex.def Info: figures/chain3_gamma0.9.jpg  used on input line 385.
(pdftex.def)             Requested size: 469.47049pt x 167.66762pt.
<figures/complete4_gamma0.0.jpg, id=74, 1011.78pt x 361.35pt>
File: figures/complete4_gamma0.0.jpg Graphic file (type jpg)
<use figures/complete4_gamma0.0.jpg>
Package pdftex.def Info: figures/complete4_gamma0.0.jpg  used on input line 385
.
(pdftex.def)             Requested size: 469.47049pt x 167.66762pt.
<figures/complete4_gamma0.3.jpg, id=75, 1011.78pt x 361.35pt>
File: figures/complete4_gamma0.3.jpg Graphic file (type jpg)
<use figures/complete4_gamma0.3.jpg>
Package pdftex.def Info: figures/complete4_gamma0.3.jpg  used on input line 385
.
(pdftex.def)             Requested size: 469.47049pt x 167.66762pt.


[7 <./figures/chain3_gamma0.7.jpg> <./figures/chain3_gamma0.9.jpg> <./figures/c
omplete4_gamma0.0.jpg>]
<figures/complete4_gamma0.5.jpg, id=87, 1011.78pt x 361.35pt>
File: figures/complete4_gamma0.5.jpg Graphic file (type jpg)
<use figures/complete4_gamma0.5.jpg>
Package pdftex.def Info: figures/complete4_gamma0.5.jpg  used on input line 385
.
(pdftex.def)             Requested size: 469.47049pt x 167.66762pt.
<figures/complete4_gamma0.7.jpg, id=88, 1011.78pt x 361.35pt>
File: figures/complete4_gamma0.7.jpg Graphic file (type jpg)
<use figures/complete4_gamma0.7.jpg>
Package pdftex.def Info: figures/complete4_gamma0.7.jpg  used on input line 385
.
(pdftex.def)             Requested size: 469.47049pt x 167.66762pt.
<figures/complete4_gamma0.9.jpg, id=89, 1011.78pt x 361.35pt>
File: figures/complete4_gamma0.9.jpg Graphic file (type jpg)
<use figures/complete4_gamma0.9.jpg>
Package pdftex.def Info: figures/complete4_gamma0.9.jpg  used on input line 385
.
(pdftex.def)             Requested size: 469.47049pt x 167.66762pt.


[8 <./figures/complete4_gamma0.3.jpg> <./figures/complete4_gamma0.5.jpg> <./fig
ures/complete4_gamma0.7.jpg>]
<figures/chain4_gamma0.0.jpg, id=97, 1011.78pt x 361.35pt>
File: figures/chain4_gamma0.0.jpg Graphic file (type jpg)
<use figures/chain4_gamma0.0.jpg>
Package pdftex.def Info: figures/chain4_gamma0.0.jpg  used on input line 385.
(pdftex.def)             Requested size: 469.47049pt x 167.66762pt.
<figures/chain4_gamma0.3.jpg, id=98, 1011.78pt x 361.35pt>
File: figures/chain4_gamma0.3.jpg Graphic file (type jpg)
<use figures/chain4_gamma0.3.jpg>
Package pdftex.def Info: figures/chain4_gamma0.3.jpg  used on input line 385.
(pdftex.def)             Requested size: 469.47049pt x 167.66762pt.
<figures/chain4_gamma0.5.jpg, id=99, 1011.78pt x 361.35pt>
File: figures/chain4_gamma0.5.jpg Graphic file (type jpg)
<use figures/chain4_gamma0.5.jpg>
Package pdftex.def Info: figures/chain4_gamma0.5.jpg  used on input line 385.
(pdftex.def)             Requested size: 469.47049pt x 167.66762pt.


[9 <./figures/complete4_gamma0.9.jpg> <./figures/chain4_gamma0.0.jpg> <./figure
s/chain4_gamma0.3.jpg>]
<figures/chain4_gamma0.7.jpg, id=108, 1011.78pt x 361.35pt>
File: figures/chain4_gamma0.7.jpg Graphic file (type jpg)
<use figures/chain4_gamma0.7.jpg>
Package pdftex.def Info: figures/chain4_gamma0.7.jpg  used on input line 385.
(pdftex.def)             Requested size: 469.47049pt x 167.66762pt.
<figures/chain4_gamma0.9.jpg, id=109, 1011.78pt x 361.35pt>
File: figures/chain4_gamma0.9.jpg Graphic file (type jpg)
<use figures/chain4_gamma0.9.jpg>
Package pdftex.def Info: figures/chain4_gamma0.9.jpg  used on input line 385.
(pdftex.def)             Requested size: 469.47049pt x 167.66762pt.
<figures/star4_gamma0.0.jpg, id=110, 1011.78pt x 361.35pt>
File: figures/star4_gamma0.0.jpg Graphic file (type jpg)
<use figures/star4_gamma0.0.jpg>
Package pdftex.def Info: figures/star4_gamma0.0.jpg  used on input line 385.
(pdftex.def)             Requested size: 469.47049pt x 167.66762pt.


[10 <./figures/chain4_gamma0.5.jpg> <./figures/chain4_gamma0.7.jpg> <./figures/
chain4_gamma0.9.jpg>]
<figures/star4_gamma0.3.jpg, id=118, 1011.78pt x 361.35pt>
File: figures/star4_gamma0.3.jpg Graphic file (type jpg)
<use figures/star4_gamma0.3.jpg>
Package pdftex.def Info: figures/star4_gamma0.3.jpg  used on input line 385.
(pdftex.def)             Requested size: 469.47049pt x 167.66762pt.
<figures/star4_gamma0.5.jpg, id=119, 1011.78pt x 361.35pt>
File: figures/star4_gamma0.5.jpg Graphic file (type jpg)
<use figures/star4_gamma0.5.jpg>
Package pdftex.def Info: figures/star4_gamma0.5.jpg  used on input line 385.
(pdftex.def)             Requested size: 469.47049pt x 167.66762pt.
<figures/star4_gamma0.7.jpg, id=120, 1011.78pt x 361.35pt>
File: figures/star4_gamma0.7.jpg Graphic file (type jpg)
<use figures/star4_gamma0.7.jpg>
Package pdftex.def Info: figures/star4_gamma0.7.jpg  used on input line 385.
(pdftex.def)             Requested size: 469.47049pt x 167.66762pt.


[11 <./figures/star4_gamma0.0.jpg> <./figures/star4_gamma0.3.jpg> <./figures/st
ar4_gamma0.5.jpg>]
<figures/star4_gamma0.9.jpg, id=129, 1011.78pt x 361.35pt>
File: figures/star4_gamma0.9.jpg Graphic file (type jpg)
<use figures/star4_gamma0.9.jpg>
Package pdftex.def Info: figures/star4_gamma0.9.jpg  used on input line 385.
(pdftex.def)             Requested size: 469.47049pt x 167.66762pt.
<figures/ring4_gamma0.0.jpg, id=130, 1011.78pt x 361.35pt>
File: figures/ring4_gamma0.0.jpg Graphic file (type jpg)
<use figures/ring4_gamma0.0.jpg>
Package pdftex.def Info: figures/ring4_gamma0.0.jpg  used on input line 385.
(pdftex.def)             Requested size: 469.47049pt x 167.66762pt.
<figures/ring4_gamma0.3.jpg, id=131, 1011.78pt x 361.35pt>
File: figures/ring4_gamma0.3.jpg Graphic file (type jpg)
<use figures/ring4_gamma0.3.jpg>
Package pdftex.def Info: figures/ring4_gamma0.3.jpg  used on input line 385.
(pdftex.def)             Requested size: 469.47049pt x 167.66762pt.


[12 <./figures/star4_gamma0.7.jpg> <./figures/star4_gamma0.9.jpg> <./figures/ri
ng4_gamma0.0.jpg>]
<figures/ring4_gamma0.5.jpg, id=140, 1011.78pt x 361.35pt>
File: figures/ring4_gamma0.5.jpg Graphic file (type jpg)
<use figures/ring4_gamma0.5.jpg>
Package pdftex.def Info: figures/ring4_gamma0.5.jpg  used on input line 385.
(pdftex.def)             Requested size: 469.47049pt x 167.66762pt.
<figures/ring4_gamma0.7.jpg, id=141, 1011.78pt x 361.35pt>
File: figures/ring4_gamma0.7.jpg Graphic file (type jpg)
<use figures/ring4_gamma0.7.jpg>
Package pdftex.def Info: figures/ring4_gamma0.7.jpg  used on input line 385.
(pdftex.def)             Requested size: 469.47049pt x 167.66762pt.
<figures/ring4_gamma0.9.jpg, id=142, 1011.78pt x 361.35pt>
File: figures/ring4_gamma0.9.jpg Graphic file (type jpg)
<use figures/ring4_gamma0.9.jpg>
Package pdftex.def Info: figures/ring4_gamma0.9.jpg  used on input line 385.
(pdftex.def)             Requested size: 469.47049pt x 167.66762pt.


[13 <./figures/ring4_gamma0.3.jpg> <./figures/ring4_gamma0.5.jpg> <./figures/ri
ng4_gamma0.7.jpg>]
<figures/wheel4_gamma0.0.jpg, id=151, 1011.78pt x 361.35pt>
File: figures/wheel4_gamma0.0.jpg Graphic file (type jpg)
<use figures/wheel4_gamma0.0.jpg>
Package pdftex.def Info: figures/wheel4_gamma0.0.jpg  used on input line 385.
(pdftex.def)             Requested size: 469.47049pt x 167.66762pt.
<figures/wheel4_gamma0.3.jpg, id=152, 1011.78pt x 361.35pt>
File: figures/wheel4_gamma0.3.jpg Graphic file (type jpg)
<use figures/wheel4_gamma0.3.jpg>
Package pdftex.def Info: figures/wheel4_gamma0.3.jpg  used on input line 385.
(pdftex.def)             Requested size: 469.47049pt x 167.66762pt.
<figures/wheel4_gamma0.5.jpg, id=153, 1011.78pt x 361.35pt>
File: figures/wheel4_gamma0.5.jpg Graphic file (type jpg)
<use figures/wheel4_gamma0.5.jpg>
Package pdftex.def Info: figures/wheel4_gamma0.5.jpg  used on input line 385.
(pdftex.def)             Requested size: 469.47049pt x 167.66762pt.


[14 <./figures/ring4_gamma0.9.jpg> <./figures/wheel4_gamma0.0.jpg> <./figures/w
heel4_gamma0.3.jpg>]
<figures/wheel4_gamma0.7.jpg, id=162, 1011.78pt x 361.35pt>
File: figures/wheel4_gamma0.7.jpg Graphic file (type jpg)
<use figures/wheel4_gamma0.7.jpg>
Package pdftex.def Info: figures/wheel4_gamma0.7.jpg  used on input line 385.
(pdftex.def)             Requested size: 469.47049pt x 167.66762pt.
<figures/wheel4_gamma0.9.jpg, id=163, 1011.78pt x 361.35pt>
File: figures/wheel4_gamma0.9.jpg Graphic file (type jpg)
<use figures/wheel4_gamma0.9.jpg>
Package pdftex.def Info: figures/wheel4_gamma0.9.jpg  used on input line 385.
(pdftex.def)             Requested size: 469.47049pt x 167.66762pt.

! Too many }'s.
\@xdblarg #1#2->#1[{#2}
                       ]{#2}
l.385 lain}
           
? 
File: figures/triangle_gamma0.0.jpg Graphic file (type jpg)
<use figures/triangle_gamma0.0.jpg>
Package pdftex.def Info: figures/triangle_gamma0.0.jpg  used on input line 385.

(pdftex.def)             Requested size: 469.47049pt x 167.66762pt.


[15 <./figures/wheel4_gamma0.5.jpg> <./figures/wheel4_gamma0.7.jpg> <./figures/
wheel4_gamma0.9.jpg>]
File: figures/triangle_gamma0.3.jpg Graphic file (type jpg)
<use figures/triangle_gamma0.3.jpg>
Package pdftex.def Info: figures/triangle_gamma0.3.jpg  used on input line 385.

(pdftex.def)             Requested size: 469.47049pt x 167.66762pt.
File: figures/triangle_gamma0.5.jpg Graphic file (type jpg)
<use figures/triangle_gamma0.5.jpg>
Package pdftex.def Info: figures/triangle_gamma0.5.jpg  used on input line 385.

(pdftex.def)             Requested size: 469.47049pt x 167.66762pt.
File: figures/triangle_gamma0.7.jpg Graphic file (type jpg)
<use figures/triangle_gamma0.7.jpg>
Package pdftex.def Info: figures/triangle_gamma0.7.jpg  used on input line 385.

(pdftex.def)             Requested size: 469.47049pt x 167.66762pt.


[16]
File: figures/triangle_gamma0.9.jpg Graphic file (type jpg)
<use figures/triangle_gamma0.9.jpg>
Package pdftex.def Info: figures/triangle_gamma0.9.jpg  used on input line 385.

(pdftex.def)             Requested size: 469.47049pt x 167.66762pt.
File: figures/chain3_gamma0.0.jpg Graphic file (type jpg)
<use figures/chain3_gamma0.0.jpg>
Package pdftex.def Info: figures/chain3_gamma0.0.jpg  used on input line 385.
(pdftex.def)             Requested size: 469.47049pt x 167.66762pt.
File: figures/chain3_gamma0.3.jpg Graphic file (type jpg)
<use figures/chain3_gamma0.3.jpg>
Package pdftex.def Info: figures/chain3_gamma0.3.jpg  used on input line 385.
(pdftex.def)             Requested size: 469.47049pt x 167.66762pt.


[17]
File: figures/chain3_gamma0.5.jpg Graphic file (type jpg)
<use figures/chain3_gamma0.5.jpg>
Package pdftex.def Info: figures/chain3_gamma0.5.jpg  used on input line 385.
(pdftex.def)             Requested size: 469.47049pt x 167.66762pt.
File: figures/chain3_gamma0.7.jpg Graphic file (type jpg)
<use figures/chain3_gamma0.7.jpg>
Package pdftex.def Info: figures/chain3_gamma0.7.jpg  used on input line 385.
(pdftex.def)             Requested size: 469.47049pt x 167.66762pt.
File: figures/chain3_gamma0.9.jpg Graphic file (type jpg)
<use figures/chain3_gamma0.9.jpg>
Package pdftex.def Info: figures/chain3_gamma0.9.jpg  used on input line 385.
(pdftex.def)             Requested size: 469.47049pt x 167.66762pt.


[18]
File: figures/complete4_gamma0.0.jpg Graphic file (type jpg)
<use figures/complete4_gamma0.0.jpg>
Package pdftex.def Info: figures/complete4_gamma0.0.jpg  used on input line 385
.
(pdftex.def)             Requested size: 469.47049pt x 167.66762pt.
File: figures/complete4_gamma0.3.jpg Graphic file (type jpg)
<use figures/complete4_gamma0.3.jpg>
Package pdftex.def Info: figures/complete4_gamma0.3.jpg  used on input line 385
.
(pdftex.def)             Requested size: 469.47049pt x 167.66762pt.
File: figures/complete4_gamma0.5.jpg Graphic file (type jpg)
<use figures/complete4_gamma0.5.jpg>
Package pdftex.def Info: figures/complete4_gamma0.5.jpg  used on input line 385
.
(pdftex.def)             Requested size: 469.47049pt x 167.66762pt.


[19]
File: figures/complete4_gamma0.7.jpg Graphic file (type jpg)
<use figures/complete4_gamma0.7.jpg>
Package pdftex.def Info: figures/complete4_gamma0.7.jpg  used on input line 385
.
(pdftex.def)             Requested size: 469.47049pt x 167.66762pt.
File: figures/complete4_gamma0.9.jpg Graphic file (type jpg)
<use figures/complete4_gamma0.9.jpg>
Package pdftex.def Info: figures/complete4_gamma0.9.jpg  used on input line 385
.
(pdftex.def)             Requested size: 469.47049pt x 167.66762pt.
File: figures/chain4_gamma0.0.jpg Graphic file (type jpg)
<use figures/chain4_gamma0.0.jpg>
Package pdftex.def Info: figures/chain4_gamma0.0.jpg  used on input line 385.
(pdftex.def)             Requested size: 469.47049pt x 167.66762pt.


[20]
File: figures/chain4_gamma0.3.jpg Graphic file (type jpg)
<use figures/chain4_gamma0.3.jpg>
Package pdftex.def Info: figures/chain4_gamma0.3.jpg  used on input line 385.
(pdftex.def)             Requested size: 469.47049pt x 167.66762pt.
File: figures/chain4_gamma0.5.jpg Graphic file (type jpg)
<use figures/chain4_gamma0.5.jpg>
Package pdftex.def Info: figures/chain4_gamma0.5.jpg  used on input line 385.
(pdftex.def)             Requested size: 469.47049pt x 167.66762pt.
File: figures/chain4_gamma0.7.jpg Graphic file (type jpg)
<use figures/chain4_gamma0.7.jpg>
Package pdftex.def Info: figures/chain4_gamma0.7.jpg  used on input line 385.
(pdftex.def)             Requested size: 469.47049pt x 167.66762pt.


[21]
File: figures/chain4_gamma0.9.jpg Graphic file (type jpg)
<use figures/chain4_gamma0.9.jpg>
Package pdftex.def Info: figures/chain4_gamma0.9.jpg  used on input line 385.
(pdftex.def)             Requested size: 469.47049pt x 167.66762pt.
File: figures/star4_gamma0.0.jpg Graphic file (type jpg)
<use figures/star4_gamma0.0.jpg>
Package pdftex.def Info: figures/star4_gamma0.0.jpg  used on input line 385.
(pdftex.def)             Requested size: 469.47049pt x 167.66762pt.
File: figures/star4_gamma0.3.jpg Graphic file (type jpg)
<use figures/star4_gamma0.3.jpg>
Package pdftex.def Info: figures/star4_gamma0.3.jpg  used on input line 385.
(pdftex.def)             Requested size: 469.47049pt x 167.66762pt.


[22]
File: figures/star4_gamma0.5.jpg Graphic file (type jpg)
<use figures/star4_gamma0.5.jpg>
Package pdftex.def Info: figures/star4_gamma0.5.jpg  used on input line 385.
(pdftex.def)             Requested size: 469.47049pt x 167.66762pt.
File: figures/star4_gamma0.7.jpg Graphic file (type jpg)
<use figures/star4_gamma0.7.jpg>
Package pdftex.def Info: figures/star4_gamma0.7.jpg  used on input line 385.
(pdftex.def)             Requested size: 469.47049pt x 167.66762pt.
File: figures/star4_gamma0.9.jpg Graphic file (type jpg)
<use figures/star4_gamma0.9.jpg>
Package pdftex.def Info: figures/star4_gamma0.9.jpg  used on input line 385.
(pdftex.def)             Requested size: 469.47049pt x 167.66762pt.


[23]
File: figures/ring4_gamma0.0.jpg Graphic file (type jpg)
<use figures/ring4_gamma0.0.jpg>
Package pdftex.def Info: figures/ring4_gamma0.0.jpg  used on input line 385.
(pdftex.def)             Requested size: 469.47049pt x 167.66762pt.
File: figures/ring4_gamma0.3.jpg Graphic file (type jpg)
<use figures/ring4_gamma0.3.jpg>
Package pdftex.def Info: figures/ring4_gamma0.3.jpg  used on input line 385.
(pdftex.def)             Requested size: 469.47049pt x 167.66762pt.
File: figures/ring4_gamma0.5.jpg Graphic file (type jpg)
<use figures/ring4_gamma0.5.jpg>
Package pdftex.def Info: figures/ring4_gamma0.5.jpg  used on input line 385.
(pdftex.def)             Requested size: 469.47049pt x 167.66762pt.


[24]
File: figures/ring4_gamma0.7.jpg Graphic file (type jpg)
<use figures/ring4_gamma0.7.jpg>
Package pdftex.def Info: figures/ring4_gamma0.7.jpg  used on input line 385.
(pdftex.def)             Requested size: 469.47049pt x 167.66762pt.
File: figures/ring4_gamma0.9.jpg Graphic file (type jpg)
<use figures/ring4_gamma0.9.jpg>
Package pdftex.def Info: figures/ring4_gamma0.9.jpg  used on input line 385.
(pdftex.def)             Requested size: 469.47049pt x 167.66762pt.
File: figures/wheel4_gamma0.0.jpg Graphic file (type jpg)
<use figures/wheel4_gamma0.0.jpg>
Package pdftex.def Info: figures/wheel4_gamma0.0.jpg  used on input line 385.
(pdftex.def)             Requested size: 469.47049pt x 167.66762pt.


[25]
File: figures/wheel4_gamma0.3.jpg Graphic file (type jpg)
<use figures/wheel4_gamma0.3.jpg>
Package pdftex.def Info: figures/wheel4_gamma0.3.jpg  used on input line 385.
(pdftex.def)             Requested size: 469.47049pt x 167.66762pt.
File: figures/wheel4_gamma0.5.jpg Graphic file (type jpg)
<use figures/wheel4_gamma0.5.jpg>
Package pdftex.def Info: figures/wheel4_gamma0.5.jpg  used on input line 385.
(pdftex.def)             Requested size: 469.47049pt x 167.66762pt.
File: figures/wheel4_gamma0.7.jpg Graphic file (type jpg)
<use figures/wheel4_gamma0.7.jpg>
Package pdftex.def Info: figures/wheel4_gamma0.7.jpg  used on input line 385.
(pdftex.def)             Requested size: 469.47049pt x 167.66762pt.


[26]
File: figures/wheel4_gamma0.9.jpg Graphic file (type jpg)
<use figures/wheel4_gamma0.9.jpg>
Package pdftex.def Info: figures/wheel4_gamma0.9.jpg  used on input line 385.
(pdftex.def)             Requested size: 469.47049pt x 167.66762pt.

No file main.bbl.

Package natbib Warning: There were undefined citations.



[27] (./main.aux)
 ***********
LaTeX2e <2024-11-01> patch level 2
L3 programming layer <2025-01-18>
 ***********


LaTeX Warning: Label(s) may have changed. Rerun to get cross-references right.


Package rerunfilecheck Warning: File `main.out' has changed.
(rerunfilecheck)                Rerun to get outlines right
(rerunfilecheck)                or use package `bookmark'.

Package rerunfilecheck Info: Checksums for `main.out':
(rerunfilecheck)             Before: <no file>
(rerunfilecheck)             After:  7DF7CAB2665855A31591CCC4DF786F14;3137.
 ) 
Here is how much of TeX's memory you used:
 36105 strings out of 473190
 817431 string characters out of 5715799
 1318276 words of memory out of 5000000
 58667 multiletter control sequences out of 15000+600000
 575775 words of font info for 85 fonts, out of 8000000 for 9000
 1141 hyphenation exceptions out of 8191
 107i,19n,110p,2022b,609s stack positions out of 10000i,1000n,20000p,200000b,200000s
</usr/local/texlive/2025/texmf-dist/fonts/type1/public/amsfonts/cm/cmex10.pfb
></usr/local/texlive/2025/texmf-dist/fonts/type1/public/amsfonts/cm/cmmi12.pfb>
</usr/local/texlive/2025/texmf-dist/fonts/type1/public/amsfonts/cm/cmmi6.pfb></
usr/local/texlive/2025/texmf-dist/fonts/type1/public/amsfonts/cm/cmmi8.pfb></us
r/local/texlive/2025/texmf-dist/fonts/type1/public/amsfonts/cm/cmr12.pfb></usr/
local/texlive/2025/texmf-dist/fonts/type1/public/amsfonts/cm/cmr6.pfb></usr/loc
al/texlive/2025/texmf-dist/fonts/type1/public/amsfonts/cm/cmr8.pfb></usr/local/
texlive/2025/texmf-dist/fonts/type1/public/amsfonts/cm/cmsy10.pfb></usr/local/t
exlive/2025/texmf-dist/fonts/type1/public/amsfonts/cm/cmsy6.pfb></usr/local/tex
live/2025/texmf-dist/fonts/type1/public/amsfonts/cm/cmsy8.pfb></usr/local/texli
ve/2025/texmf-dist/fonts/type1/public/cm-super/sfbx1200.pfb></usr/local/texlive
/2025/texmf-dist/fonts/type1/public/cm-super/sfbx1440.pfb></usr/local/texlive/2
025/texmf-dist/fonts/type1/public/cm-super/sfbx1728.pfb></usr/local/texlive/202
5/texmf-dist/fonts/type1/public/cm-super/sfrm1200.pfb></usr/local/texlive/2025/
texmf-dist/fonts/type1/public/cm-super/sfrm2074.pfb>
Output written on main.pdf (27 pages, 3354600 bytes).
PDF statistics:
 361 PDF objects out of 1000 (max. 8388607)
 263 compressed objects within 3 object streams
 122 named destinations out of 1000 (max. 500000)
 188 words of extra memory for PDF output out of 10000 (max. 10000000)

