\BOOKMARK [1][-]{section.1}{\376\377\004\036\004\061\004\076\004\061\004\111\004\065\004\075\004\070\004\065\000\040\004\064\004\070\004\073\004\065\004\074\004\074\004\113\000\040\004\067\004\060\004\072\004\073\004\116\004\107\004\121\004\075\004\075\004\113\004\105\000\040\004\075\004\060\000\040\000N\000\040\004\070\004\063\004\100\004\076\004\072\004\076\004\062}{}% 1
\BOOKMARK [1][-]{section.2}{\376\377\004\036\004\077\004\070\004\101\004\060\004\075\004\070\004\065\000\040\004\060\004\073\004\063\004\076\004\100\004\070\004\102\004\074\004\060}{}% 2
\BOOKMARK [1][-]{section.3}{\376\377\004\036\004\101\004\076\004\061\004\065\004\075\004\075\004\076\004\101\004\102\004\070\000\040\004\077\004\076\004\101\004\102\004\060\004\075\004\076\004\062\004\072\004\070\000\040\004\115\004\072\004\101\004\077\004\065\004\100\004\070\004\074\004\065\004\075\004\102\004\076\004\062}{}% 3
\BOOKMARK [1][-]{section.4}{\376\377\004\040\004\065\004\067\004\103\004\073\004\114\004\102\004\060\004\102\004\113}{}% 4
\BOOKMARK [2][-]{subsubsection.4.0.1}{\376\377\004\032\004\073\004\070\004\072\004\060}{section.4}% 5
\BOOKMARK [3][-]{subsubsection.4.0.2}{\376\377\004\033\004\070\004\075\004\070\004\117}{subsubsection.4.0.1}% 6
\BOOKMARK [2][-]{subsection.4.1}{\376\377\004\023\004\100\004\060\004\104\000\040\004\101\000\040\0004\000\040\004\062\004\065\004\100\004\110\004\070\004\075\004\060\004\074\004\070}{section.4}% 7
\BOOKMARK [3][-]{subsubsection.4.1.1}{\376\377\004\032\004\073\004\070\004\072\004\060}{subsection.4.1}% 8
\BOOKMARK [3][-]{subsubsection.4.1.2}{\376\377\004\033\004\070\004\075\004\070\004\117}{subsection.4.1}% 9
\BOOKMARK [3][-]{subsubsection.4.1.3}{\376\377\004\027\004\062\004\065\004\067\004\064\004\060}{subsection.4.1}% 10
\BOOKMARK [3][-]{subsubsection.4.1.4}{\376\377\004\046\004\070\004\072\004\073}{subsection.4.1}% 11
\BOOKMARK [3][-]{subsubsection.4.1.5}{\376\377\004\032\004\076\004\073\004\065\004\101\004\076}{subsection.4.1}% 12
\BOOKMARK [2][-]{subsection.4.2}{\376\377\004\023\004\100\004\060\004\104\000\040\004\101\000\040\0003\000\040\004\062\004\065\004\100\004\110\004\070\004\075\004\060\004\074\004\070}{section.4}% 13
\BOOKMARK [3][-]{subsubsection.4.2.1}{\376\377\004\032\004\073\004\070\004\072\004\060}{subsection.4.2}% 14
\BOOKMARK [3][-]{subsubsection.4.2.2}{\376\377\004\033\004\070\004\075\004\070\004\117}{subsection.4.2}% 15
\BOOKMARK [2][-]{subsection.4.3}{\376\377\004\023\004\100\004\060\004\104\000\040\004\101\000\040\0004\000\040\004\062\004\065\004\100\004\110\004\070\004\075\004\060\004\074\004\070}{section.4}% 16
\BOOKMARK [3][-]{subsubsection.4.3.1}{\376\377\004\032\004\073\004\070\004\072\004\060}{subsection.4.3}% 17
\BOOKMARK [3][-]{subsubsection.4.3.2}{\376\377\004\033\004\070\004\075\004\070\004\117}{subsection.4.3}% 18
\BOOKMARK [3][-]{subsubsection.4.3.3}{\376\377\004\027\004\062\004\065\004\067\004\064\004\060}{subsection.4.3}% 19
\BOOKMARK [3][-]{subsubsection.4.3.4}{\376\377\004\046\004\070\004\072\004\073}{subsection.4.3}% 20
\BOOKMARK [3][-]{subsubsection.4.3.5}{\376\377\004\032\004\076\004\073\004\065\004\101\004\076}{subsection.4.3}% 21
