This is pdfTeX, Version 3.141592653-2.6-1.40.22 (TeX Live 2022/dev/Debian) (preloaded format=pdflatex 2025.4.6)  14 JAN 2026 14:58
entering extended mode
 restricted \write18 enabled.
 file:line:error style messages enabled.
 %&-line parsing enabled.
**/home/ars/git_reps/RL_GameTheory/TheoryGamesDL/experiments/fast_n-players_pd/article/theory_paper.tex
(/home/ars/git_reps/RL_GameTheory/TheoryGamesDL/experiments/fast_n-players_pd/article/theory_paper.tex
LaTeX2e <2021-11-15> patch level 1
L3 programming layer <2022-01-21> (/usr/share/texlive/texmf-dist/tex/latex/base/article.cls
Document Class: article 2021/10/04 v1.4n Standard LaTeX document class
(/usr/share/texlive/texmf-dist/tex/latex/base/size12.clo
File: size12.clo 2021/10/04 v1.4n Standard LaTeX file (size option)
)
\c@part=\count185
\c@section=\count186
\c@subsection=\count187
\c@subsubsection=\count188
\c@paragraph=\count189
\c@subparagraph=\count190
\c@figure=\count191
\c@table=\count192
\abovecaptionskip=\skip47
\belowcaptionskip=\skip48
\bibindent=\dimen138
) (/usr/share/texlive/texmf-dist/tex/latex/base/inputenc.sty
Package: inputenc 2021/02/14 v1.3d Input encoding file
\inpenc@prehook=\toks16
\inpenc@posthook=\toks17
) (/usr/share/texlive/texmf-dist/tex/generic/babel/babel.sty
Package: babel 2022/01/26 3.70 The Babel package
\babel@savecnt=\count193
\U@D=\dimen139
\l@unhyphenated=\language3
 (/usr/share/texlive/texmf-dist/tex/generic/babel/txtbabel.def)
\bbl@readstream=\read2
\bbl@dirlevel=\count194
 (/usr/share/texlive/texmf-dist/tex/generic/babel-english/english.ldf
Language: english 2017/06/06 v3.3r English support from the babel system
Package babel Info: Hyphen rules for 'british' set to \l@english
(babel)             (\language0). Reported on input line 82.
Package babel Info: Hyphen rules for 'UKenglish' set to \l@english
(babel)             (\language0). Reported on input line 83.
Package babel Info: Hyphen rules for 'canadian' set to \l@english
(babel)             (\language0). Reported on input line 102.
Package babel Info: Hyphen rules for 'australian' set to \l@english
(babel)             (\language0). Reported on input line 105.
Package babel Info: Hyphen rules for 'newzealand' set to \l@english
(babel)             (\language0). Reported on input line 108.
) (/usr/share/texlive/texmf-dist/tex/generic/babel-russian/russianb.ldf
File: russianb.ldf 2021/01/10 1.3m Russian support for the Babel system
Language: russian 2020/09/09 1.3k Russian support for the Babel system


Package babel Warning: No hyphenation patterns were preloaded for
(babel)                the language 'Russian' into the format.
(babel)                Please, configure your TeX system to add them and
(babel)                rebuild the format. Now I will use the patterns
(babel)                preloaded for \language=0 instead on input line 32.

Package babel Info: Hyphen rules for 'russian' set to \l@english
(babel)             (\language0). Reported on input line 33.

Package babel Warning: No Cyrillic font encoding has been loaded so far.
(babel)                A font encoding should be declared before babel.
(babel)                Default `T2A' encoding will be loaded  on input line 78.

(/usr/share/texlive/texmf-dist/tex/latex/cyrillic/t2aenc.def
File: t2aenc.def 2005/09/27 v1.0i Cyrillic encoding definition file
Now handling font encoding T2A ...
... processing UTF-8 mapping file for font encoding T2A
 (/usr/share/texlive/texmf-dist/tex/latex/base/t2aenc.dfu
File: t2aenc.dfu 2021/06/21 v1.2n UTF-8 support
   defining Unicode char U+00A4 (decimal 164)
   defining Unicode char U+00A7 (decimal 167)
   defining Unicode char U+00AB (decimal 171)
   defining Unicode char U+00BB (decimal 187)
   defining Unicode char U+0131 (decimal 305)
   defining Unicode char U+0237 (decimal 567)
   defining Unicode char U+0400 (decimal 1024)
   defining Unicode char U+0401 (decimal 1025)
   defining Unicode char U+0402 (decimal 1026)
   defining Unicode char U+0403 (decimal 1027)
   defining Unicode char U+0404 (decimal 1028)
   defining Unicode char U+0405 (decimal 1029)
   defining Unicode char U+0406 (decimal 1030)
   defining Unicode char U+0407 (decimal 1031)
   defining Unicode char U+0408 (decimal 1032)
   defining Unicode char U+0409 (decimal 1033)
   defining Unicode char U+040A (decimal 1034)
   defining Unicode char U+040B (decimal 1035)
   defining Unicode char U+040C (decimal 1036)
   defining Unicode char U+040D (decimal 1037)
   defining Unicode char U+040E (decimal 1038)
   defining Unicode char U+040F (decimal 1039)
   defining Unicode char U+0410 (decimal 1040)
   defining Unicode char U+0411 (decimal 1041)
   defining Unicode char U+0412 (decimal 1042)
   defining Unicode char U+0413 (decimal 1043)
   defining Unicode char U+0414 (decimal 1044)
   defining Unicode char U+0415 (decimal 1045)
   defining Unicode char U+0416 (decimal 1046)
   defining Unicode char U+0417 (decimal 1047)
   defining Unicode char U+0418 (decimal 1048)
   defining Unicode char U+0419 (decimal 1049)
   defining Unicode char U+041A (decimal 1050)
   defining Unicode char U+041B (decimal 1051)
   defining Unicode char U+041C (decimal 1052)
   defining Unicode char U+041D (decimal 1053)
   defining Unicode char U+041E (decimal 1054)
   defining Unicode char U+041F (decimal 1055)
   defining Unicode char U+0420 (decimal 1056)
   defining Unicode char U+0421 (decimal 1057)
   defining Unicode char U+0422 (decimal 1058)
   defining Unicode char U+0423 (decimal 1059)
   defining Unicode char U+0424 (decimal 1060)
   defining Unicode char U+0425 (decimal 1061)
   defining Unicode char U+0426 (decimal 1062)
   defining Unicode char U+0427 (decimal 1063)
   defining Unicode char U+0428 (decimal 1064)
   defining Unicode char U+0429 (decimal 1065)
   defining Unicode char U+042A (decimal 1066)
   defining Unicode char U+042B (decimal 1067)
   defining Unicode char U+042C (decimal 1068)
   defining Unicode char U+042D (decimal 1069)
   defining Unicode char U+042E (decimal 1070)
   defining Unicode char U+042F (decimal 1071)
   defining Unicode char U+0430 (decimal 1072)
   defining Unicode char U+0431 (decimal 1073)
   defining Unicode char U+0432 (decimal 1074)
   defining Unicode char U+0433 (decimal 1075)
   defining Unicode char U+0434 (decimal 1076)
   defining Unicode char U+0435 (decimal 1077)
   defining Unicode char U+0436 (decimal 1078)
   defining Unicode char U+0437 (decimal 1079)
   defining Unicode char U+0438 (decimal 1080)
   defining Unicode char U+0439 (decimal 1081)
   defining Unicode char U+043A (decimal 1082)
   defining Unicode char U+043B (decimal 1083)
   defining Unicode char U+043C (decimal 1084)
   defining Unicode char U+043D (decimal 1085)
   defining Unicode char U+043E (decimal 1086)
   defining Unicode char U+043F (decimal 1087)
   defining Unicode char U+0440 (decimal 1088)
   defining Unicode char U+0441 (decimal 1089)
   defining Unicode char U+0442 (decimal 1090)
   defining Unicode char U+0443 (decimal 1091)
   defining Unicode char U+0444 (decimal 1092)
   defining Unicode char U+0445 (decimal 1093)
   defining Unicode char U+0446 (decimal 1094)
   defining Unicode char U+0447 (decimal 1095)
   defining Unicode char U+0448 (decimal 1096)
   defining Unicode char U+0449 (decimal 1097)
   defining Unicode char U+044A (decimal 1098)
   defining Unicode char U+044B (decimal 1099)
   defining Unicode char U+044C (decimal 1100)
   defining Unicode char U+044D (decimal 1101)
   defining Unicode char U+044E (decimal 1102)
   defining Unicode char U+044F (decimal 1103)
   defining Unicode char U+0450 (decimal 1104)
   defining Unicode char U+0451 (decimal 1105)
   defining Unicode char U+0452 (decimal 1106)
   defining Unicode char U+0453 (decimal 1107)
   defining Unicode char U+0454 (decimal 1108)
   defining Unicode char U+0455 (decimal 1109)
   defining Unicode char U+0456 (decimal 1110)
   defining Unicode char U+0457 (decimal 1111)
   defining Unicode char U+0458 (decimal 1112)
   defining Unicode char U+0459 (decimal 1113)
   defining Unicode char U+045A (decimal 1114)
   defining Unicode char U+045B (decimal 1115)
   defining Unicode char U+045C (decimal 1116)
   defining Unicode char U+045D (decimal 1117)
   defining Unicode char U+045E (decimal 1118)
   defining Unicode char U+045F (decimal 1119)
   defining Unicode char U+0490 (decimal 1168)
   defining Unicode char U+0491 (decimal 1169)
   defining Unicode char U+0492 (decimal 1170)
   defining Unicode char U+0493 (decimal 1171)
   defining Unicode char U+0496 (decimal 1174)
   defining Unicode char U+0497 (decimal 1175)
   defining Unicode char U+0498 (decimal 1176)
   defining Unicode char U+0499 (decimal 1177)
   defining Unicode char U+049A (decimal 1178)
   defining Unicode char U+049B (decimal 1179)
   defining Unicode char U+049C (decimal 1180)
   defining Unicode char U+049D (decimal 1181)
   defining Unicode char U+04A0 (decimal 1184)
   defining Unicode char U+04A1 (decimal 1185)
   defining Unicode char U+04A2 (decimal 1186)
   defining Unicode char U+04A3 (decimal 1187)
   defining Unicode char U+04A4 (decimal 1188)
   defining Unicode char U+04A5 (decimal 1189)
   defining Unicode char U+04AA (decimal 1194)
   defining Unicode char U+04AB (decimal 1195)
   defining Unicode char U+04AE (decimal 1198)
   defining Unicode char U+04AF (decimal 1199)
   defining Unicode char U+04B0 (decimal 1200)
   defining Unicode char U+04B1 (decimal 1201)
   defining Unicode char U+04B2 (decimal 1202)
   defining Unicode char U+04B3 (decimal 1203)
   defining Unicode char U+04B6 (decimal 1206)
   defining Unicode char U+04B7 (decimal 1207)
   defining Unicode char U+04B8 (decimal 1208)
   defining Unicode char U+04B9 (decimal 1209)
   defining Unicode char U+04BA (decimal 1210)
   defining Unicode char U+04BB (decimal 1211)
   defining Unicode char U+04C0 (decimal 1216)
   defining Unicode char U+04C1 (decimal 1217)
   defining Unicode char U+04C2 (decimal 1218)
   defining Unicode char U+04D0 (decimal 1232)
   defining Unicode char U+04D1 (decimal 1233)
   defining Unicode char U+04D2 (decimal 1234)
   defining Unicode char U+04D3 (decimal 1235)
   defining Unicode char U+04D4 (decimal 1236)
   defining Unicode char U+04D5 (decimal 1237)
   defining Unicode char U+04D6 (decimal 1238)
   defining Unicode char U+04D7 (decimal 1239)
   defining Unicode char U+04D8 (decimal 1240)
   defining Unicode char U+04D9 (decimal 1241)
   defining Unicode char U+04DA (decimal 1242)
   defining Unicode char U+04DB (decimal 1243)
   defining Unicode char U+04DC (decimal 1244)
   defining Unicode char U+04DD (decimal 1245)
   defining Unicode char U+04DE (decimal 1246)
   defining Unicode char U+04DF (decimal 1247)
   defining Unicode char U+04E2 (decimal 1250)
   defining Unicode char U+04E3 (decimal 1251)
   defining Unicode char U+04E4 (decimal 1252)
   defining Unicode char U+04E5 (decimal 1253)
   defining Unicode char U+04E6 (decimal 1254)
   defining Unicode char U+04E7 (decimal 1255)
   defining Unicode char U+04E8 (decimal 1256)
   defining Unicode char U+04E9 (decimal 1257)
   defining Unicode char U+04EC (decimal 1260)
   defining Unicode char U+04ED (decimal 1261)
   defining Unicode char U+04EE (decimal 1262)
   defining Unicode char U+04EF (decimal 1263)
   defining Unicode char U+04F0 (decimal 1264)
   defining Unicode char U+04F1 (decimal 1265)
   defining Unicode char U+04F2 (decimal 1266)
   defining Unicode char U+04F3 (decimal 1267)
   defining Unicode char U+04F4 (decimal 1268)
   defining Unicode char U+04F5 (decimal 1269)
   defining Unicode char U+04F8 (decimal 1272)
   defining Unicode char U+04F9 (decimal 1273)
   defining Unicode char U+200C (decimal 8204)
   defining Unicode char U+2013 (decimal 8211)
   defining Unicode char U+2014 (decimal 8212)
   defining Unicode char U+2018 (decimal 8216)
   defining Unicode char U+2019 (decimal 8217)
   defining Unicode char U+201C (decimal 8220)
   defining Unicode char U+201D (decimal 8221)
   defining Unicode char U+201E (decimal 8222)
   defining Unicode char U+2030 (decimal 8240)
   defining Unicode char U+2031 (decimal 8241)
   defining Unicode char U+2116 (decimal 8470)
   defining Unicode char U+2329 (decimal 9001)
   defining Unicode char U+232A (decimal 9002)
   defining Unicode char U+2423 (decimal 9251)
   defining Unicode char U+27E8 (decimal 10216)
   defining Unicode char U+27E9 (decimal 10217)
   defining Unicode char U+FB00 (decimal 64256)
   defining Unicode char U+FB01 (decimal 64257)
   defining Unicode char U+FB02 (decimal 64258)
   defining Unicode char U+FB03 (decimal 64259)
   defining Unicode char U+FB04 (decimal 64260)
   defining Unicode char U+FB05 (decimal 64261)
   defining Unicode char U+FB06 (decimal 64262)
))
Package babel Info: Making " an active character on input line 124.
Package babel Info: Default for \cyrdash is provided on input line 163.
)) (/usr/share/texlive/texmf-dist/tex/latex/amsmath/amsmath.sty
Package: amsmath 2021/10/15 v2.17l AMS math features
\@mathmargin=\skip49

For additional information on amsmath, use the `?' option.
(/usr/share/texlive/texmf-dist/tex/latex/amsmath/amstext.sty
Package: amstext 2021/08/26 v2.01 AMS text
 (/usr/share/texlive/texmf-dist/tex/latex/amsmath/amsgen.sty
File: amsgen.sty 1999/11/30 v2.0 generic functions
\@emptytoks=\toks18
\ex@=\dimen140
)) (/usr/share/texlive/texmf-dist/tex/latex/amsmath/amsbsy.sty
Package: amsbsy 1999/11/29 v1.2d Bold Symbols
\pmbraise@=\dimen141
) (/usr/share/texlive/texmf-dist/tex/latex/amsmath/amsopn.sty
Package: amsopn 2021/08/26 v2.02 operator names
)
\inf@bad=\count195
LaTeX Info: Redefining \frac on input line 234.
\uproot@=\count196
\leftroot@=\count197
LaTeX Info: Redefining \overline on input line 399.
\classnum@=\count198
\DOTSCASE@=\count199
LaTeX Info: Redefining \ldots on input line 496.
LaTeX Info: Redefining \dots on input line 499.
LaTeX Info: Redefining \cdots on input line 620.
\Mathstrutbox@=\box50
\strutbox@=\box51
\big@size=\dimen142
LaTeX Font Info:    Redeclaring font encoding OML on input line 743.
LaTeX Font Info:    Redeclaring font encoding OMS on input line 744.
\macc@depth=\count266
\c@MaxMatrixCols=\count267
\dotsspace@=\muskip16
\c@parentequation=\count268
\dspbrk@lvl=\count269
\tag@help=\toks19
\row@=\count270
\column@=\count271
\maxfields@=\count272
\andhelp@=\toks20
\eqnshift@=\dimen143
\alignsep@=\dimen144
\tagshift@=\dimen145
\tagwidth@=\dimen146
\totwidth@=\dimen147
\lineht@=\dimen148
\@envbody=\toks21
\multlinegap=\skip50
\multlinetaggap=\skip51
\mathdisplay@stack=\toks22
LaTeX Info: Redefining \[ on input line 2938.
LaTeX Info: Redefining \] on input line 2939.
) (/usr/share/texlive/texmf-dist/tex/latex/amsfonts/amsfonts.sty
Package: amsfonts 2013/01/14 v3.01 Basic AMSFonts support
\symAMSa=\mathgroup4
\symAMSb=\mathgroup5
LaTeX Font Info:    Redeclaring math symbol \hbar on input line 98.
LaTeX Font Info:    Overwriting math alphabet `\mathfrak' in version `bold'
(Font)                  U/euf/m/n --> U/euf/b/n on input line 106.
) (/usr/share/texlive/texmf-dist/tex/latex/amsfonts/amssymb.sty
Package: amssymb 2013/01/14 v3.01 AMS font symbols
) (/usr/share/texlive/texmf-dist/tex/latex/amscls/amsthm.sty
Package: amsthm 2020/05/29 v2.20.6
\thm@style=\toks23
\thm@bodyfont=\toks24
\thm@headfont=\toks25
\thm@notefont=\toks26
\thm@headpunct=\toks27
\thm@preskip=\skip52
\thm@postskip=\skip53
\thm@headsep=\skip54
\dth@everypar=\toks28
) (/usr/share/texlive/texmf-dist/tex/latex/graphics/graphicx.sty
Package: graphicx 2021/09/16 v1.2d Enhanced LaTeX Graphics (DPC,SPQR)
 (/usr/share/texlive/texmf-dist/tex/latex/graphics/keyval.sty
Package: keyval 2014/10/28 v1.15 key=value parser (DPC)
\KV@toks@=\toks29
) (/usr/share/texlive/texmf-dist/tex/latex/graphics/graphics.sty
Package: graphics 2021/03/04 v1.4d Standard LaTeX Graphics (DPC,SPQR)
 (/usr/share/texlive/texmf-dist/tex/latex/graphics/trig.sty
Package: trig 2021/08/11 v1.11 sin cos tan (DPC)
) (/usr/share/texlive/texmf-dist/tex/latex/graphics-cfg/graphics.cfg
File: graphics.cfg 2016/06/04 v1.11 sample graphics configuration
)
Package graphics Info: Driver file: pdftex.def on input line 107.
 (/usr/share/texlive/texmf-dist/tex/latex/graphics-def/pdftex.def
File: pdftex.def 2020/10/05 v1.2a Graphics/color driver for pdftex
))
\Gin@req@height=\dimen149
\Gin@req@width=\dimen150
) (/usr/share/texlive/texmf-dist/tex/latex/hyperref/hyperref.sty
Package: hyperref 2021-06-07 v7.00m Hypertext links for LaTeX
 (/usr/share/texlive/texmf-dist/tex/generic/ltxcmds/ltxcmds.sty
Package: ltxcmds 2020-05-10 v1.25 LaTeX kernel commands for general use (HO)
) (/usr/share/texlive/texmf-dist/tex/generic/iftex/iftex.sty
Package: iftex 2020/03/06 v1.0d TeX engine tests
) (/usr/share/texlive/texmf-dist/tex/generic/pdftexcmds/pdftexcmds.sty
Package: pdftexcmds 2020-06-27 v0.33 Utility functions of pdfTeX for LuaTeX (HO)
 (/usr/share/texlive/texmf-dist/tex/generic/infwarerr/infwarerr.sty
Package: infwarerr 2019/12/03 v1.5 Providing info/warning/error messages (HO)
)
Package pdftexcmds Info: \pdf@primitive is available.
Package pdftexcmds Info: \pdf@ifprimitive is available.
Package pdftexcmds Info: \pdfdraftmode found.
) (/usr/share/texlive/texmf-dist/tex/generic/kvsetkeys/kvsetkeys.sty
Package: kvsetkeys 2019/12/15 v1.18 Key value parser (HO)
) (/usr/share/texlive/texmf-dist/tex/generic/kvdefinekeys/kvdefinekeys.sty
Package: kvdefinekeys 2019-12-19 v1.6 Define keys (HO)
) (/usr/share/texlive/texmf-dist/tex/generic/pdfescape/pdfescape.sty
Package: pdfescape 2019/12/09 v1.15 Implements pdfTeX's escape features (HO)
) (/usr/share/texlive/texmf-dist/tex/latex/hycolor/hycolor.sty
Package: hycolor 2020-01-27 v1.10 Color options for hyperref/bookmark (HO)
) (/usr/share/texlive/texmf-dist/tex/latex/letltxmacro/letltxmacro.sty
Package: letltxmacro 2019/12/03 v1.6 Let assignment for LaTeX macros (HO)
) (/usr/share/texlive/texmf-dist/tex/latex/auxhook/auxhook.sty
Package: auxhook 2019-12-17 v1.6 Hooks for auxiliary files (HO)
) (/usr/share/texlive/texmf-dist/tex/latex/kvoptions/kvoptions.sty
Package: kvoptions 2020-10-07 v3.14 Key value format for package options (HO)
)
\@linkdim=\dimen151
\Hy@linkcounter=\count273
\Hy@pagecounter=\count274
 (/usr/share/texlive/texmf-dist/tex/latex/hyperref/pd1enc.def
File: pd1enc.def 2021-06-07 v7.00m Hyperref: PDFDocEncoding definition (HO)
Now handling font encoding PD1 ...
... no UTF-8 mapping file for font encoding PD1
) (/usr/share/texlive/texmf-dist/tex/latex/hyperref/hyperref-langpatches.def
File: hyperref-langpatches.def 2021-06-07 v7.00m Hyperref: patches for babel languages
) (/usr/share/texlive/texmf-dist/tex/generic/intcalc/intcalc.sty
Package: intcalc 2019/12/15 v1.3 Expandable calculations with integers (HO)
) (/usr/share/texlive/texmf-dist/tex/generic/etexcmds/etexcmds.sty
Package: etexcmds 2019/12/15 v1.7 Avoid name clashes with e-TeX commands (HO)
)
\Hy@SavedSpaceFactor=\count275
 (/usr/share/texlive/texmf-dist/tex/latex/hyperref/puenc.def
File: puenc.def 2021-06-07 v7.00m Hyperref: PDF Unicode definition (HO)
Now handling font encoding PU ...
... no UTF-8 mapping file for font encoding PU
)
Package hyperref Info: Option `unicode' set `true' on input line 3167.
Package hyperref Info: Hyper figures OFF on input line 4192.
Package hyperref Info: Link nesting OFF on input line 4197.
Package hyperref Info: Hyper index ON on input line 4200.
Package hyperref Info: Plain pages OFF on input line 4207.
Package hyperref Info: Backreferencing OFF on input line 4212.
Package hyperref Info: Implicit mode ON; LaTeX internals redefined.
Package hyperref Info: Bookmarks ON on input line 4445.
\c@Hy@tempcnt=\count276
 (/usr/share/texlive/texmf-dist/tex/latex/url/url.sty
\Urlmuskip=\muskip17
Package: url 2013/09/16  ver 3.4  Verb mode for urls, etc.
)
LaTeX Info: Redefining \url on input line 4804.
\XeTeXLinkMargin=\dimen152
 (/usr/share/texlive/texmf-dist/tex/generic/bitset/bitset.sty
Package: bitset 2019/12/09 v1.3 Handle bit-vector datatype (HO)
 (/usr/share/texlive/texmf-dist/tex/generic/bigintcalc/bigintcalc.sty
Package: bigintcalc 2019/12/15 v1.5 Expandable calculations on big integers (HO)
))
\Fld@menulength=\count277
\Field@Width=\dimen153
\Fld@charsize=\dimen154
Package hyperref Info: Hyper figures OFF on input line 6076.
Package hyperref Info: Link nesting OFF on input line 6081.
Package hyperref Info: Hyper index ON on input line 6084.
Package hyperref Info: backreferencing OFF on input line 6091.
Package hyperref Info: Link coloring OFF on input line 6096.
Package hyperref Info: Link coloring with OCG OFF on input line 6101.
Package hyperref Info: PDF/A mode OFF on input line 6106.
LaTeX Info: Redefining \ref on input line 6146.
LaTeX Info: Redefining \pageref on input line 6150.
 (/usr/share/texlive/texmf-dist/tex/latex/base/atbegshi-ltx.sty
Package: atbegshi-ltx 2021/01/10 v1.0c Emulation of the original atbegshi
package with kernel methods
)
\Hy@abspage=\count278
\c@Item=\count279
\c@Hfootnote=\count280
)
Package hyperref Info: Driver (autodetected): hpdftex.
 (/usr/share/texlive/texmf-dist/tex/latex/hyperref/hpdftex.def
File: hpdftex.def 2021-06-07 v7.00m Hyperref driver for pdfTeX
 (/usr/share/texlive/texmf-dist/tex/latex/base/atveryend-ltx.sty
Package: atveryend-ltx 2020/08/19 v1.0a Emulation of the original atveryend package
with kernel methods
)
\Fld@listcount=\count281
\c@bookmark@seq@number=\count282
 (/usr/share/texlive/texmf-dist/tex/latex/rerunfilecheck/rerunfilecheck.sty
Package: rerunfilecheck 2019/12/05 v1.9 Rerun checks for auxiliary files (HO)
 (/usr/share/texlive/texmf-dist/tex/generic/uniquecounter/uniquecounter.sty
Package: uniquecounter 2019/12/15 v1.4 Provide unlimited unique counter (HO)
)
Package uniquecounter Info: New unique counter `rerunfilecheck' on input line 286.
)
\Hy@SectionHShift=\skip55
) (/usr/share/texlive/texmf-dist/tex/latex/geometry/geometry.sty
Package: geometry 2020/01/02 v5.9 Page Geometry
 (/usr/share/texlive/texmf-dist/tex/generic/iftex/ifvtex.sty
Package: ifvtex 2019/10/25 v1.7 ifvtex legacy package. Use iftex instead.
)
\Gm@cnth=\count283
\Gm@cntv=\count284
\c@Gm@tempcnt=\count285
\Gm@bindingoffset=\dimen155
\Gm@wd@mp=\dimen156
\Gm@odd@mp=\dimen157
\Gm@even@mp=\dimen158
\Gm@layoutwidth=\dimen159
\Gm@layoutheight=\dimen160
\Gm@layouthoffset=\dimen161
\Gm@layoutvoffset=\dimen162
\Gm@dimlist=\toks30
) (/usr/share/texlive/texmf-dist/tex/latex/algorithms/algorithm.sty
Package: algorithm 2009/08/24 v0.1 Document Style `algorithm' - floating environment
 (/usr/share/texlive/texmf-dist/tex/latex/float/float.sty
Package: float 2001/11/08 v1.3d Float enhancements (AL)
\c@float@type=\count286
\float@exts=\toks31
\float@box=\box52
\@float@everytoks=\toks32
\@floatcapt=\box53
) (/usr/share/texlive/texmf-dist/tex/latex/base/ifthen.sty
Package: ifthen 2020/11/24 v1.1c Standard LaTeX ifthen package (DPC)
)
\@float@every@algorithm=\toks33
\c@algorithm=\count287
) (/usr/share/texlive/texmf-dist/tex/latex/algorithms/algorithmic.sty
Package: algorithmic 2009/08/24 v0.1 Document Style `algorithmic'
\c@ALC@unique=\count288
\c@ALC@line=\count289
\c@ALC@rem=\count290
\c@ALC@depth=\count291
\ALC@tlm=\skip56
\algorithmicindent=\skip57
)
\c@theorem=\count292
\c@lemma=\count293
\c@proposition=\count294
\c@corollary=\count295
\c@definition=\count296
\c@remark=\count297
 (/usr/share/texlive/texmf-dist/tex/latex/l3backend/l3backend-pdftex.def
File: l3backend-pdftex.def 2022-01-12 L3 backend support: PDF output (pdfTeX)
\l__color_backend_stack_int=\count298
\l__pdf_internal_box=\box54
) (./theory_paper.aux
LaTeX Font Info:    Trying to load font information for T2A+cmr on input line 22.
 (/usr/share/texlive/texmf-dist/tex/latex/cyrillic/t2acmr.fd
File: t2acmr.fd 2001/08/11 v1.0a Computer Modern Cyrillic font definitions
))
\openout1 = `theory_paper.aux'.

LaTeX Font Info:    Checking defaults for OML/cmm/m/it on input line 31.
LaTeX Font Info:    ... okay on input line 31.
LaTeX Font Info:    Checking defaults for OMS/cmsy/m/n on input line 31.
LaTeX Font Info:    ... okay on input line 31.
LaTeX Font Info:    Checking defaults for OT1/cmr/m/n on input line 31.
LaTeX Font Info:    ... okay on input line 31.
LaTeX Font Info:    Checking defaults for T1/cmr/m/n on input line 31.
LaTeX Font Info:    ... okay on input line 31.
LaTeX Font Info:    Checking defaults for TS1/cmr/m/n on input line 31.
LaTeX Font Info:    ... okay on input line 31.
LaTeX Font Info:    Checking defaults for OMX/cmex/m/n on input line 31.
LaTeX Font Info:    ... okay on input line 31.
LaTeX Font Info:    Checking defaults for U/cmr/m/n on input line 31.
LaTeX Font Info:    ... okay on input line 31.
LaTeX Font Info:    Checking defaults for T2A/cmr/m/n on input line 31.
LaTeX Font Info:    ... okay on input line 31.
LaTeX Font Info:    Checking defaults for PD1/pdf/m/n on input line 31.
LaTeX Font Info:    ... okay on input line 31.
LaTeX Font Info:    Checking defaults for PU/pdf/m/n on input line 31.
LaTeX Font Info:    ... okay on input line 31.
LaTeX Info: Redefining \th on input line 31.
 (/usr/share/texlive/texmf-dist/tex/context/base/mkii/supp-pdf.mkii
[Loading MPS to PDF converter (version 2006.09.02).]
\scratchcounter=\count299
\scratchdimen=\dimen163
\scratchbox=\box55
\nofMPsegments=\count300
\nofMParguments=\count301
\everyMPshowfont=\toks34
\MPscratchCnt=\count302
\MPscratchDim=\dimen164
\MPnumerator=\count303
\makeMPintoPDFobject=\count304
\everyMPtoPDFconversion=\toks35
) (/usr/share/texlive/texmf-dist/tex/latex/epstopdf-pkg/epstopdf-base.sty
Package: epstopdf-base 2020-01-24 v2.11 Base part for package epstopdf
Package epstopdf-base Info: Redefining graphics rule for `.eps' on input line 485.
 (/usr/share/texlive/texmf-dist/tex/latex/latexconfig/epstopdf-sys.cfg
File: epstopdf-sys.cfg 2010/07/13 v1.3 Configuration of (r)epstopdf for TeX Live
))
Package hyperref Info: Link coloring OFF on input line 31.
 (/usr/share/texlive/texmf-dist/tex/latex/hyperref/nameref.sty
Package: nameref 2021-04-02 v2.47 Cross-referencing by name of section
 (/usr/share/texlive/texmf-dist/tex/latex/refcount/refcount.sty
Package: refcount 2019/12/15 v3.6 Data extraction from label references (HO)
) (/usr/share/texlive/texmf-dist/tex/generic/gettitlestring/gettitlestring.sty
Package: gettitlestring 2019/12/15 v1.6 Cleanup title references (HO)
)
\c@section@level=\count305
)
LaTeX Info: Redefining \ref on input line 31.
LaTeX Info: Redefining \pageref on input line 31.
LaTeX Info: Redefining \nameref on input line 31.
 (./theory_paper.out) (./theory_paper.out)
\@outlinefile=\write3
\openout3 = `theory_paper.out'.


*geometry* driver: auto-detecting
*geometry* detected driver: pdftex
*geometry* verbose mode - [ preamble ] result:
* driver: pdftex
* paper: a4paper
* layout: <same size as paper>
* layoutoffset:(h,v)=(0.0pt,0.0pt)
* modes: 
* h-part:(L,W,R)=(71.13188pt, 455.24411pt, 71.13188pt)
* v-part:(T,H,B)=(71.13188pt, 702.78308pt, 71.13188pt)
* \paperwidth=597.50787pt
* \paperheight=845.04684pt
* \textwidth=455.24411pt
* \textheight=702.78308pt
* \oddsidemargin=-1.1381pt
* \evensidemargin=-1.1381pt
* \topmargin=-38.1381pt
* \headheight=12.0pt
* \headsep=25.0pt
* \topskip=12.0pt
* \footskip=30.0pt
* \marginparwidth=35.0pt
* \marginparsep=10.0pt
* \columnsep=10.0pt
* \skip\footins=10.8pt plus 4.0pt minus 2.0pt
* \hoffset=0.0pt
* \voffset=0.0pt
* \mag=1000
* \@twocolumnfalse
* \@twosidefalse
* \@mparswitchfalse
* \@reversemarginfalse
* (1in=72.27pt=25.4mm, 1cm=28.453pt)

LaTeX Font Info:    Trying to load font information for U+msa on input line 34.
(/usr/share/texlive/texmf-dist/tex/latex/amsfonts/umsa.fd
File: umsa.fd 2013/01/14 v3.01 AMS symbols A
)
LaTeX Font Info:    Trying to load font information for U+msb on input line 34.
 (/usr/share/texlive/texmf-dist/tex/latex/amsfonts/umsb.fd
File: umsb.fd 2013/01/14 v3.01 AMS symbols B
)
Overfull \hbox (20.28258pt too wide) in paragraph at lines 37--42
\T2A/cmr/m/n/10.95 равновесие, выход из которого возможен только за счјт стохастических флуктуаций. 
 []


Overfull \hbox (7.25984pt too wide) in paragraph at lines 43--45
[]\T2A/cmr/m/n/10.95 Получена асимптотическая формула для среднего времени выхода из ловушки
 []


Overfull \hbox (3.54256pt too wide) in paragraph at lines 60--67
\T2A/cmr/m/n/12 Многоагентное обучение с подкреплением в играх приводит к сложной стохастической
 []


Overfull \hbox (25.73705pt too wide) in paragraph at lines 60--67
\T2A/cmr/m/n/12 динамике, включающей метастабильные состояния и чрезвычайно медленную сходимость.
 []


Overfull \hbox (2.8023pt too wide) in paragraph at lines 60--67
\T2A/cmr/m/n/12 Одним из наиболее устойчивых феноменов являются \T2A/cmr/m/it/12 ловушки дефекции \T2A/cmr/m/n/12 ^^V длительное
 []


Overfull \hbox (29.16273pt too wide) in paragraph at lines 68--73
[]\T2A/cmr/m/n/12 В данной работе мы дајм строгую стохастическую теорию возникновения и разрушения
 []


Overfull \hbox (67.99063pt too wide) in paragraph at lines 68--73
\T2A/cmr/m/n/12 таких ловушек в многоагентном Q-обучении с Boltzmann-политикой и выводим экспоненциальную
 []

[1

{/var/lib/texmf/fonts/map/pdftex/updmap/pdftex.map}]
Overfull \hbox (36.99126pt too wide) in paragraph at lines 137--140
\T2A/cmr/m/n/12 В данном разделе мы строго выводим одномерную стохастическую динамику, описывающую
 []


Overfull \hbox (21.06975pt too wide) in paragraph at lines 146--149
[]\T2A/cmr/bx/n/12 Лемма 1 \T2A/cmr/m/n/12 (Редукция к разности Q-значений)\T2A/cmr/bx/n/12 . \T2A/cmr/m/it/12 В симметричном режиме многоагентного
 []


Overfull \hbox (7.75418pt too wide) in paragraph at lines 161--163
[]\T2A/cmr/m/n/12 По определению Boltzmann-политики, вероятность выбора действия
 []


Overfull \hbox (10.56648pt too wide) in paragraph at lines 185--189
[]\T2A/cmr/m/n/12 Так как все агенты симметричны и рассматривается симметричное подпространство
 []


Overfull \hbox (0.24274pt too wide) in paragraph at lines 194--198
\T2A/cmr/m/n/12 Обозначим через $\OMS/cmsy/m/n/12 F[]$ \T2A/cmr/m/n/12 естественную фильтрацию, порождјнную процессом Q-обучения,
 []

[2]
Overfull \hbox (0.44806pt too wide) in paragraph at lines 289--294
\T2A/cmr/m/n/12 рекуррентное соотношение, которое сходится к устойчивому дефектному равновесию.
 []


Overfull \hbox (35.68944pt too wide) in paragraph at lines 289--294
\T2A/cmr/m/n/12 Таким образом, существование ловушки дефекции является исключительно стохастическим
 []


Overfull \hbox (6.89911pt too wide) in paragraph at lines 309--315
\T2A/cmr/m/n/12 В этом разделе мы явно вычисляем функцию дрейфа $\OML/cmm/m/it/12 F\OT1/cmr/m/n/12 (\OML/cmm/m/it/12 x\OT1/cmr/m/n/12 )$\T2A/cmr/m/n/12 , определјнную как условное
 []

[3] [4]
Overfull \hbox (0.44812pt too wide) in paragraph at lines 425--428
\T2A/cmr/m/n/12 Следовательно, это равенство сохраняется и после взятия математического ожидания
 []


Overfull \hbox (37.20956pt too wide) in paragraph at lines 518--523
\OML/cmm/m/it/12 C$ \T2A/cmr/m/n/12 и $\OML/cmm/m/it/12 D$ \T2A/cmr/m/n/12 с вероятностями $\OML/cmm/m/it/12 ^^[\OT1/cmr/m/n/12 (\OML/cmm/m/it/12 ^^Lx\OT1/cmr/m/n/12 )$ \T2A/cmr/m/n/12 и $\OT1/cmr/m/n/12 1 \OMS/cmsy/m/n/12 ^^@ \OML/cmm/m/it/12 ^^[\OT1/cmr/m/n/12 (\OML/cmm/m/it/12 ^^Lx\OT1/cmr/m/n/12 )$ \T2A/cmr/m/n/12 соответственно. По закону полного математического
 []

[5]
Overfull \hbox (11.34694pt too wide) in paragraph at lines 619--622
[]\T2A/cmr/bx/n/12 Лемма 6 \T2A/cmr/m/n/12 (Ограниченность остатка)\T2A/cmr/bx/n/12 . \T2A/cmr/m/it/12 Пусть параметры $\OML/cmm/m/it/12 ^^L; ^^M$ \T2A/cmr/m/it/12 фиксированы, а выигрыши
 []


Overfull \hbox (20.58054pt too wide) in paragraph at lines 630--632
[]\T2A/cmr/m/n/12 Функция $\OML/cmm/m/it/12 ^^[\OT1/cmr/m/n/12 (\OML/cmm/m/it/12 ^^Lx\OT1/cmr/m/n/12 )$ \T2A/cmr/m/n/12 принимает значения в интервале $\OT1/cmr/m/n/12 (0\OML/cmm/m/it/12 ; \OT1/cmr/m/n/12 1)$\T2A/cmr/m/n/12 . Следовательно, 
 []


Overfull \hbox (16.17169pt too wide) in paragraph at lines 641--645
[]\T2A/cmr/bx/n/12 Замечание 2. \T2A/cmr/m/n/12 Остаток $\OML/cmm/m/it/12 R\OT1/cmr/m/n/12 (\OML/cmm/m/it/12 x\OT1/cmr/m/n/12 )$ \T2A/cmr/m/n/12 не содержит множителей порядка $\OT1/cmr/m/n/12 1\OML/cmm/m/it/12 =$ \T2A/cmr/m/n/12 и не масштабируется
 []

[6]
Overfull \hbox (28.67262pt too wide) in paragraph at lines 691--696
\T2A/cmr/m/n/12 может быть аппроксимирована детерминированной непрерывной динамикой на временных
 []


Overfull \hbox (15.9697pt too wide) in paragraph at lines 735--744
[]\T2A/cmr/bx/n/12 Замечание. \T2A/cmr/m/n/12 В силу структуры модели функция $\OML/cmm/m/it/12 F$ \T2A/cmr/m/n/12 является непрерывной и локально
 []


Overfull \hbox (8.2892pt too wide) in paragraph at lines 735--744
\T2A/cmr/m/n/12 липшицевой на любом компакте, содержащем значения $\OT1/cmr/m/n/12 ^^A\OML/cmm/m/it/12 Q\OT1/cmr/m/n/12 (\OML/cmm/m/it/12 m\OT1/cmr/m/n/12 )$ \T2A/cmr/m/n/12 на конечном временном
 []


Overfull \hbox (13.8117pt too wide) in paragraph at lines 735--744
\T2A/cmr/m/n/12 условные математические ожидания наград $\U/msb/m/n/12 E\OT1/cmr/m/n/12 [\OML/cmm/m/it/12 r[]\OT1/cmr/m/n/12 ]$\T2A/cmr/m/n/12 , $\U/msb/m/n/12 E\OT1/cmr/m/n/12 [\OML/cmm/m/it/12 r[]\OT1/cmr/m/n/12 ]$ \T2A/cmr/m/n/12 являются гладкими функциями
 []

[7]
Overfull \hbox (8.3721pt too wide) in paragraph at lines 760--763
[]\T2A/cmr/m/n/12 Таким образом, $\OML/cmm/m/it/12 X[]\OT1/cmr/m/n/12 (\OML/cmm/m/it/12 s\OT1/cmr/m/n/12 )$ \T2A/cmr/m/n/12 является кусочно-постоянной функцией, которая описывает
 []


Overfull \hbox (22.6107pt too wide) in paragraph at lines 769--775
\T2A/cmr/m/it/12 сходится к $\OML/cmm/m/it/12 x\OT1/cmr/m/n/12 (\OML/cmm/m/it/12 s\OT1/cmr/m/n/12 )$ \T2A/cmr/m/it/12 по вероятности, равномерно по $\OML/cmm/m/it/12 s \OMS/cmsy/m/n/12 2 \OT1/cmr/m/n/12 [0\OML/cmm/m/it/12 ; T\OT1/cmr/m/n/12 ]$\T2A/cmr/m/it/12 , и функция $\OML/cmm/m/it/12 x\OT1/cmr/m/n/12 (\OML/cmm/m/it/12 s\OT1/cmr/m/n/12 )$ \T2A/cmr/m/it/12 удовлетворяет
 []


Overfull \hbox (46.40245pt too wide) in paragraph at lines 792--794
[]\T2A/cmr/m/n/12 Зафиксируем $\OML/cmm/m/it/12 s \OMS/cmsy/m/n/12 ^^U \OT1/cmr/m/n/12 0$ \T2A/cmr/m/n/12 и $\OT1/cmr/m/n/12 ^^A\OML/cmm/m/it/12 s > \OT1/cmr/m/n/12 0$\T2A/cmr/m/n/12 . Рассмотрим приращение интерполированного
 []

[8]
Overfull \hbox (7.09525pt too wide) in paragraph at lines 828--834
\T2A/cmr/m/n/12 постоянной интерполяцией. Эта погрешность стремится к нулю при $\OML/cmm/m/it/12  \OMS/cmsy/m/n/12 ! \OT1/cmr/m/n/12 0$\T2A/cmr/m/n/12 , равномерно
 []


Overfull \hbox (13.20396pt too wide) in paragraph at lines 871--874
\T2A/cmr/m/n/12 Следовательно, $\OML/cmm/m/it/12 S[]\OT1/cmr/m/n/12 (\OML/cmm/m/it/12 s; \OT1/cmr/m/n/12 ^^A\OML/cmm/m/it/12 s\OT1/cmr/m/n/12 ) \OMS/cmsy/m/n/12 ! \OT1/cmr/m/n/12 0$ \T2A/cmr/m/n/12 по вероятности, равномерно на компактных интервалах. 
 []


Overfull \hbox (8.90105pt too wide) in paragraph at lines 890--898
\T2A/cmr/m/n/12 порядок $\OML/cmm/m/it/12 $\T2A/cmr/m/n/12 , так что значения $\OML/cmm/m/it/12 X[]\OT1/cmr/m/n/12 (\OML/cmm/m/it/12 s\OT1/cmr/m/n/12 )$ \T2A/cmr/m/n/12 остаются в компактном множестве с вероятностью,
 []

[9]
Overfull \hbox (41.3875pt too wide) in paragraph at lines 930--933
[]\T2A/cmr/m/n/12 Из этого следует, что функция $\OML/cmm/m/it/12 x$ \T2A/cmr/m/n/12 абсолютно непрерывна и почти всюду дифференцируема,
 []


Overfull \hbox (1.05113pt too wide) in paragraph at lines 956--963
[]\T2A/cmr/bx/n/12 Замечание 3. \T2A/cmr/m/n/12 Полученная непрерывная динамика описывает усреднјнное поведение
 []


Package hyperref Warning: Token not allowed in a PDF string (Unicode):
(hyperref)                removing `math shift' on input line 970.


Package hyperref Warning: Token not allowed in a PDF string (Unicode):
(hyperref)                removing `\@ifnextchar' on input line 970.


Package hyperref Warning: Token not allowed in a PDF string (Unicode):
(hyperref)                removing `\alpha' on input line 970.


Package hyperref Warning: Token not allowed in a PDF string (Unicode):
(hyperref)                removing `math shift' on input line 970.


Overfull \hbox (2.18947pt too wide) in paragraph at lines 972--975
\T2A/cmr/m/n/12 В предыдущем подразделе было доказано, что при $\OML/cmm/m/it/12  \OMS/cmsy/m/n/12 ! \OT1/cmr/m/n/12 0$ \T2A/cmr/m/n/12 интерполированный процесс 
 []


Overfull \hbox (9.25726pt too wide) in paragraph at lines 979--987
\T2A/cmr/m/n/12 является равномерно ограниченным и равностепенно непрерывным на любом конечном
 []


Overfull \hbox (33.64197pt too wide) in paragraph at lines 979--987
\T2A/cmr/m/n/12 интервале $\OT1/cmr/m/n/12 [0\OML/cmm/m/it/12 ; T\OT1/cmr/m/n/12 ]$ \T2A/cmr/m/n/12 и, следовательно, по теореме Арцела--Асколи имеет подпоследовательность,
 []


Overfull \hbox (11.84488pt too wide) in paragraph at lines 998--1001
[]\T2A/cmr/m/n/12 Для изучения случайных отклонений от детерминированной траектории $\OML/cmm/m/it/12 x\OT1/cmr/m/n/12 (\OML/cmm/m/it/12 s\OT1/cmr/m/n/12 )$ \T2A/cmr/m/n/12 введјм
 []

[10]
Overfull \hbox (13.88844pt too wide) in paragraph at lines 1020--1021
[]\T2A/cmr/bx/n/12 Теорема 3 \T2A/cmr/m/n/12 (Диффузионный предел для флуктуаций)\T2A/cmr/bx/n/12 . \T2A/cmr/m/it/12 Пусть выполняются следующие
 []


Overfull \hbox (7.28648pt too wide) in paragraph at lines 1044--1049
\T2A/cmr/m/it/12 Тогда при $\OML/cmm/m/it/12  \OMS/cmsy/m/n/12 ! \OT1/cmr/m/n/12 0$ \T2A/cmr/m/it/12 процесс флуктуаций $\OML/cmm/m/it/12 Y[]$ \T2A/cmr/m/it/12 сходится по распределению в пространстве
 []

[11]
Overfull \hbox (25.25188pt too wide) in paragraph at lines 1151--1158
[]\T2A/cmr/m/n/12 Рассмотрим асимптотику первого интегрального члена в правой части []. Напомним,
 []


Overfull \hbox (15.46411pt too wide) in paragraph at lines 1151--1158
\T2A/cmr/m/n/12 приращения и, вообще говоря, может зависеть от состояния всей системы. В дальнейшем
 []


Overfull \hbox (26.97054pt too wide) in paragraph at lines 1151--1158
\T2A/cmr/m/n/12 под $\OML/cmm/m/it/12 F\OT1/cmr/m/n/12 (\OML/cmm/m/it/12 x\OT1/cmr/m/n/12 )$ \T2A/cmr/m/n/12 мы понимаем зависимость от первой переменной, вычисленную вдоль предельной
 []

[12]
Overfull \hbox (2.10226pt too wide) in paragraph at lines 1233--1236
[]\T2A/cmr/m/n/12 Из ограниченности по вероятности семейства $\OML/cmm/m/it/12 Y[]$ \T2A/cmr/m/n/12 в пространстве $\OML/cmm/m/it/12 C\OT1/cmr/m/n/12 ([0\OML/cmm/m/it/12 ; T\OT1/cmr/m/n/12 ])$ \T2A/cmr/m/n/12 следует,
 []

[13]
Overfull \hbox (2.73087pt too wide) in paragraph at lines 1327--1330
\T2A/cmr/m/n/12 является суммой большого числа центрированных слагаемых с суммарной дисперсией 
 []


Overfull \hbox (12.20413pt too wide) in paragraph at lines 1352--1356
[]\T2A/cmr/m/n/12 Таким образом, конечномерные распределения процесса $[]$ сходятся к гауссовским
 []


Overfull \hbox (15.28969pt too wide) in paragraph at lines 1360--1363
\T2A/cmr/m/n/12 Поэтому предельный процесс может быть представлен в виде стохастического интеграла 
 []


Overfull \hbox (17.8724pt too wide) in paragraph at lines 1369--1372
[]\T2A/cmr/m/n/12 Переходя к пределу в [], получаем, что любой предельный процесс $\OML/cmm/m/it/12 Y$ \T2A/cmr/m/n/12 удовлетворяет
 []


Overfull \hbox (24.26317pt too wide) in paragraph at lines 1391--1396
\T2A/cmr/m/n/12 Дальнейший анализ посвящјн поведению процесса флуктуаций в окрестности дефектного
 []


Overfull \hbox (19.70671pt too wide) in paragraph at lines 1391--1396
\T2A/cmr/m/n/12 равновесия $\OML/cmm/m/it/12 x[]$\T2A/cmr/m/n/12 , определјнного как устойчивое равновесие детерминированной предельной
 []


Overfull \hbox (52.9491pt too wide) in paragraph at lines 1402--1404
[]\T2A/cmr/m/n/12 Напомним, что процесс флуктуаций $\OML/cmm/m/it/12 Y$ \T2A/cmr/m/n/12 удовлетворяет стохастическому дифференциальному
 []

[14]
Overfull \hbox (9.18065pt too wide) in paragraph at lines 1420--1426
\T2A/cmr/m/it/12 если $\OMS/cmsy/m/n/12 j\OML/cmm/m/it/12 x\OT1/cmr/m/n/12 (0) \OMS/cmsy/m/n/12 ^^@ \OML/cmm/m/it/12 x[]\OMS/cmsy/m/n/12 j \OML/cmm/m/it/12 < ^^N$\T2A/cmr/m/it/12 , то на временных интервалах, пока $\OML/cmm/m/it/12 x\OT1/cmr/m/n/12 (\OML/cmm/m/it/12 s\OT1/cmr/m/n/12 )$ \T2A/cmr/m/it/12 остајтся в $\OML/cmm/m/it/12 ^^N$\T2A/cmr/m/it/12 -окрестности
 []


Overfull \hbox (35.92766pt too wide) in paragraph at lines 1420--1426
\T2A/cmr/m/it/12 точки $\OML/cmm/m/it/12 x[]$\T2A/cmr/m/it/12 , процесс флуктуаций $\OML/cmm/m/it/12 Y$ \T2A/cmr/m/it/12 аппроксимируется решением линейного стохастического
 []


Overfull \hbox (2.22635pt too wide) in paragraph at lines 1452--1457
\T2A/cmr/m/n/12 гарантирует, что $\OML/cmm/m/it/12 x\OT1/cmr/m/n/12 (\OML/cmm/m/it/12 s\OT1/cmr/m/n/12 )$ \T2A/cmr/m/n/12 остајтся в малой окрестности $\OML/cmm/m/it/12 x[]$ \T2A/cmr/m/n/12 на рассматриваемом временном
 []


Overfull \hbox (12.36249pt too wide) in paragraph at lines 1465--1469
[]\T2A/cmr/m/n/12 Отбрасывая высшие порядки малости, получаем линейное стохастическое уравнение
 []


Overfull \hbox (38.13216pt too wide) in paragraph at lines 1486--1490
\T2A/cmr/m/n/12 В данном разделе мы формализуем понятие ловушки дефекции и выводим асимптотическую
 []

[15]
Overfull \hbox (5.16058pt too wide) in paragraph at lines 1518--1522
[]\T2A/cmr/bx/n/12 Замечание 5. \T2A/cmr/m/n/12 Множество $\OMS/cmsy/m/n/12 T[]$ \T2A/cmr/m/n/12 соответствует области состояний, в которых вероятность
 []


Overfull \hbox (9.49341pt too wide) in paragraph at lines 1548--1550
[]\T2A/cmr/bx/n/12 Определение 4 \T2A/cmr/m/n/12 (Время выхода)\T2A/cmr/bx/n/12 . \T2A/cmr/m/n/12 Временем выхода из дефектной ловушки называется
 []


Overfull \hbox (4.48747pt too wide) in paragraph at lines 1557--1561
[]\T2A/cmr/m/n/12 Наша цель состоит в исследовании асимптотики математического ожидания $\U/msb/m/n/12 E\OT1/cmr/m/n/12 [\OML/cmm/m/it/12 ^^\[]\OT1/cmr/m/n/12 ]$
 []


Overfull \hbox (23.17514pt too wide) in paragraph at lines 1596--1605
\T2A/cmr/m/n/12 с малым шумом ключевую роль играет \T2A/cmr/m/it/12 квазипотенциал\T2A/cmr/m/n/12 , который описывает асимптотику
 []


Overfull \hbox (7.7932pt too wide) in paragraph at lines 1596--1605
\T2A/cmr/m/n/12 вероятностей редких переходов между состояниями. В случае одномерной градиентной
 []

[16]
Overfull \hbox (11.18324pt too wide) in paragraph at lines 1693--1706
[]\T2A/cmr/m/n/12 Рассматриваемый процесс является одномерной диффузией с малым
 []


Overfull \hbox (19.36848pt too wide) in paragraph at lines 1693--1706
\T2A/cmr/m/n/12 Для таких процессов теория больших уклонений для стохастических дифференциальных
 []


Overfull \hbox (62.11848pt too wide) in paragraph at lines 1693--1706
\T2A/cmr/m/n/12 уравнений с малым шумом (см. теорию Фрейдлина--Вентцеля) утверждает, что логарифмическая
 []


Overfull \hbox (6.32034pt too wide) in paragraph at lines 1693--1706
\T2A/cmr/m/n/12 асимптотика среднего времени выхода из области притяжения устойчивого равновесия
 []

[17]
Overfull \hbox (1.91518pt too wide) in paragraph at lines 1730--1738
[]\T2A/cmr/m/n/12 Утверждение теоремы о форме экспоненциальной асимптотики следует из данного
 []


Overfull \hbox (54.45454pt too wide) in paragraph at lines 1730--1738
\T2A/cmr/m/n/12 равенства. Предэкспоненциальный множитель зависит от локальной геометрии коэффициентов
 []


Overfull \hbox (27.04236pt too wide) in paragraph at lines 1730--1738
\T2A/cmr/m/n/12 и в данной работе не анализируется, поскольку он не влияет на главный экспоненциальный
 []


Overfull \hbox (30.96481pt too wide) in paragraph at lines 1750--1752
[]\T2A/cmr/m/n/12 линейной силы возврата к дефектному равновесию, характеризуемой коэффициентом
 []


Overfull \hbox (11.49298pt too wide) in paragraph at lines 1762--1773
[]\T2A/cmr/bx/n/12 Замечание 8. \T2A/cmr/m/n/12 Полученная асимптотика дајт теоретическое объяснение наблюдаемому
 []


Overfull \hbox (25.4061pt too wide) in paragraph at lines 1780--1791
\T2A/cmr/m/n/12 В работе построена строгая асимптотическая теория дефектных ловушек в многоагентном
 []


Overfull \hbox (6.81346pt too wide) in paragraph at lines 1780--1791
\T2A/cmr/m/n/12 Q-обучении в пределе малого шага обучения. Исходная дискретная динамика обучения
 []


Overfull \hbox (4.69006pt too wide) in paragraph at lines 1780--1791
\T2A/cmr/m/n/12 была сведена к одномерному стохастическому процессу, для которого последовательно
 []


Overfull \hbox (26.71606pt too wide) in paragraph at lines 1780--1791
\T2A/cmr/m/n/12 получены детерминированный предел, диффузионное приближение и локальная линейная
 []


Overfull \hbox (76.63098pt too wide) in paragraph at lines 1792--1801
\T2A/cmr/m/n/12 по параметру $\OML/cmm/m/it/12 []$\T2A/cmr/m/n/12 . Главный экспоненциальный порядок определяется высотой квазипотенциального
 []


Overfull \hbox (27.53165pt too wide) in paragraph at lines 1802--1810
[]\T2A/cmr/m/n/12 Полученные результаты объясняют устойчивость дефектного поведения, наблюдаемую
 []


Overfull \hbox (43.03142pt too wide) in paragraph at lines 1802--1810
\T2A/cmr/m/n/12 в численных экспериментах по многоагентному обучению с подкреплением, и демонстрируют,
 []

[18] (./theory_paper.aux)
Package rerunfilecheck Info: File `theory_paper.out' has not changed.
(rerunfilecheck)             Checksum: A2B531B6F3B851782DEDE12E79E41075;8751.
 ) 
Here is how much of TeX's memory you used:
 12348 strings out of 480247
 186932 string characters out of 5896152
 491706 words of memory out of 5000000
 30023 multiletter control sequences out of 15000+600000
 492654 words of font info for 85 fonts, out of 8000000 for 9000
 14 hyphenation exceptions out of 8191
 60i,12n,63p,715b,447s stack positions out of 5000i,500n,10000p,200000b,80000s
{/usr/share/texmf/fonts/enc/dvips/cm-super/cm-super-ts1.enc}{/usr/share/texmf/fonts/enc/dvips/cm-super/cm-super-t2a.enc}</usr/share/texlive/texmf-dist/fonts/type1/public/amsfonts/cm/cmbx12.pfb></usr/share/texlive/texmf-dist/fonts/type1/public/amsfonts/cm/cmex10.pfb></usr/share/texlive/texmf-dist/fonts/type1/public/amsfonts/cm/cmmi10.pfb></usr/share/texlive/texmf-dist/fonts/type1/public/amsfonts/cm/cmmi12.pfb></usr/share/texlive/texmf-dist/fonts/type1/public/amsfonts/cm/cmmi6.pfb></usr/share/texlive/texmf-dist/fonts/type1/public/amsfonts/cm/cmmi8.pfb></usr/share/texlive/texmf-dist/fonts/type1/public/amsfonts/cm/cmr10.pfb></usr/share/texlive/texmf-dist/fonts/type1/public/amsfonts/cm/cmr12.pfb></usr/share/texlive/texmf-dist/fonts/type1/public/amsfonts/cm/cmr6.pfb></usr/share/texlive/texmf-dist/fonts/type1/public/amsfonts/cm/cmr8.pfb></usr/share/texlive/texmf-dist/fonts/type1/public/amsfonts/cm/cmsy10.pfb></usr/share/texlive/texmf-dist/fonts/type1/public/amsfonts/cm/cmsy6.pfb></usr/share/texlive/texmf-dist/fonts/type1/public/amsfonts/cm/cmsy8.pfb></usr/share/texlive/texmf-dist/fonts/type1/public/amsfonts/symbols/msbm10.pfb></usr/share/texmf/fonts/type1/public/cm-super/sfbx1095.pfb></usr/share/texmf/fonts/type1/public/cm-super/sfbx1200.pfb></usr/share/texmf/fonts/type1/public/cm-super/sfbx1440.pfb></usr/share/texmf/fonts/type1/public/cm-super/sfbx1728.pfb></usr/share/texmf/fonts/type1/public/cm-super/sfrm1095.pfb></usr/share/texmf/fonts/type1/public/cm-super/sfrm1200.pfb></usr/share/texmf/fonts/type1/public/cm-super/sfrm1440.pfb></usr/share/texmf/fonts/type1/public/cm-super/sfrm2074.pfb></usr/share/texmf/fonts/type1/public/cm-super/sfti1095.pfb></usr/share/texmf/fonts/type1/public/cm-super/sfti1200.pfb>
Output written on theory_paper.pdf (18 pages, 407799 bytes).
PDF statistics:
 413 PDF objects out of 1000 (max. 8388607)
 340 compressed objects within 4 object streams
 88 named destinations out of 1000 (max. 500000)
 265 words of extra memory for PDF output out of 10000 (max. 10000000)

